File length limits passed.
Version metadata is synchronized at 0.4.0.
[course] committed frontend course copy matches docs.
Generated OpenAPI document is current (64 paths).
OpenAPI contract is synchronized at 0.4.0: 68 Engine operations, 63 SDK operations.
API compatibility passed against 0.3.0: 61 operations remain compatible with 0.4.0.
Generated SDK types are current (85 schemas).
Generated SDK operations are current (63 operations).
SDK public surface is compatible: 85 members, 8 additive.
✔ compatibility rejects removed operations and changed access tiers (4.762749ms)
✔ compatibility rejects request requirements and enum narrowing (0.643792ms)
✔ compatibility rejects weakened response guarantees (0.617484ms)
✔ compatibility permits additive operations and compatible object growth (9.78827ms)
✔ compatibility treats nullable input and output in opposite directions (0.776625ms)
✔ auth mutations document unconfirmed storage writes without weakening access or success schemas (8.413202ms)
✔ login and destructive event filters expose failure behavior without changing success contracts (4.092489ms)
✔ classroom endpoints preserve separate discovery, invitation and join trust boundaries (9.128022ms)
✔ launchers forward opt-in classroom config and explicitly build the frontend API address (6.711284ms)
✔ course documentation sync detects drift and replaces the generated tree (38.602363ms)
✔ Engine Docker context admits compile-time OpenAPI and migration assets (6.514318ms)
✔ Engine Docker builder copies compile-time assets before compiling (2.502628ms)
✔ frontend prebuild works with only its Docker context and committed course copy (179.799962ms)
✔ functional network enumerates default Next page extensions and excludes framework files (2.305382ms)
✔ functional network accepts a complete source snapshot (0.985818ms)
✔ functional network rejects missing, extra and duplicate operation ownership (0.585092ms)
✔ functional network rejects unknown graph, module and page targets (0.343299ms)
✔ functional network detects version, source, access, page and catalog drift (2.947951ms)
✔ functional network rejects stale counts and source references missing from manifest (0.445604ms)
✔ functional network rejects mismatched API back-references and duplicate IDs (0.302037ms)
✔ learning benchmark rotates configurations without dropping or duplicating any pair (2.246142ms)
✔ cold-load pairs retain all four fixtures and alternate across five rounds (2.312227ms)
✔ every learning benchmark configuration swaps its before/after order each round (0.621964ms)
✔ learning projections distinguish failed storage reads from empty success and remain private (10.957221ms)
✔ npm audit retains production scope, moderate threshold, and finite timeouts (1.844975ms)
✔ valid clean and below-threshold audit reports pass without retrying (0.586876ms)
✔ vulnerability reports fail immediately, including misleading transient error text (0.326812ms)
✔ network failures, rate limits, and server errors retry a fresh audit (1.519998ms)
✔ npm 9 message-only socket failures are recognized (0.28529ms)
✔ retired Quick fallback retries Bulk through npm without accepting the failed report (0.236683ms)
✔ persistent transient failures stop after three attempts and stay failed (0.286082ms)
✔ authentication, certificate, lockfile, and unknown errors never retry (0.458773ms)
✔ missing or malformed reports cannot pass even if npm exits zero (0.331021ms)
✔ process launch failures fail closed and timeouts remain bounded (0.455025ms)
✔ real npm CLI retries Bulk, including a retired Quick fallback when used (1481.226662ms)
✔ local and CI frontend/SDK audits share the same fail-closed wrapper (1.873975ms)
✔ extractEngineOperations handles chained Axum methods and multiline routes (2.389217ms)
✔ extractEngineAccess follows the Axum router trust tiers (10.089244ms)
✔ extractSdkOperations recognizes generic requests, downloads, and WebSockets (1.966523ms)
✔ OpenAPI operation extraction and comparison report exact drift (0.533879ms)
✔ Rust CI explicitly runs every queued event persistence and retention boundary (7.023573ms)
✔ Rust CI runs PostgreSQL acceptance against its disposable service and rejects an empty selection (1.591084ms)
✔ Rust CI promotes every auth boundary regression plus script/event persistence checks (3.00202ms)
✔ Rust CI exercises persisted authentication and duplicate registration on the disposable database (1.093967ms)
✔ release metadata records source, image references, and archive integrity (9.490783ms)
✔ release metadata rejects ambiguous or host-specific build inputs (1.461488ms)
✔ release expectations bind a candidate to its tag, commit, source state, and image mode (2.836766ms)
✔ release metadata CLI parses tag-bound verification expectations (0.747421ms)
✔ Git source inspection distinguishes clean, dirty, tagged, and unavailable trees (49.97421ms)
✔ packaged metadata verification binds JSON and image archive to checksums (5.003612ms)
✔ release argument parsing requires one explicit mode (2.077318ms)
✔ release snapshot validation reports every mismatched field and changelog requirement (2.246531ms)
✔ release preflight accepts a clean candidate and its annotated immutable tag (211.966369ms)
✔ user remote checks document bounded queue waiting without changing success or access (1.776033ms)
✔ Agent claim and sync retain signed authority and explain capacity and lost leases (0.264434ms)
✔ operation generation covers SDK transports and excludes signed Agent protocol (10.131608ms)
✔ rendered operations preserve required path, query, body, and response types (1.024142ms)
✔ operation generation rejects unsupported parameters and mismatched path templates (0.56606ms)
✔ client surface extraction keeps public methods and nested namespace paths (2.007414ms)
✔ client surface comparison rejects removals while reporting additive members (0.311117ms)
✔ client surface baseline rendering is sorted and deterministic (0.349542ms)
✔ schemaToType renders references, nullable unions, arrays, and maps (1.140398ms)
✔ renderSdkSchemaTypes emits a deterministic named schema map (0.43503ms)
✔ schemaToType rejects references outside component schemas (0.551649ms)
✔ the legacy admin API tier truthfully includes teacher deployment authority (7.014203ms)
✔ supported launchers pass explicit teacher and legacy administrator allowlists (2.673555ms)
ℹ tests 66
ℹ suites 0
ℹ pass 66
ℹ fail 0
ℹ cancelled 0
ℹ skipped 0
ℹ todo 0
ℹ duration_ms 1613.542307
Runner Agent management tool checks passed.
Distribution management tool checks passed.
Live kernel smoke tool checks passed.
Release candidate bundle verifier checks passed.
