   Compiling cyanrex-engine v0.4.0 (/home/chiharukiryu/cdev/cyanrex-lab/engine)
    Finished `test` profile [unoptimized + debuginfo] target(s) in 13.32s
     Running unittests src/lib.rs (engine/target/debug/deps/cyanrex_engine-f07d476bbb92d94d)

running 7 tests
test services::event_bus::tests::persistence::cold_start::postgres_cancelled_cold_drop_new_admission_does_not_lose_capacity ... 
thread 'services::event_bus::tests::persistence::cold_start::postgres_cancelled_cold_drop_new_admission_does_not_lose_capacity' (2542261) panicked at src/services/event_bus/tests/persistence/cold_start.rs:221:9:
cold admission must consult durable capacity before publishing
note: run with `RUST_BACKTRACE=1` environment variable to display a backtrace

thread 'services::event_bus::tests::persistence::cold_start::postgres_cancelled_cold_drop_new_admission_does_not_lose_capacity' (2542261) panicked at src/services/event_bus/tests/persistence.rs:97:13:
event boundary failed; owned schema was cleaned up: JoinError::Panic(Id(10), "cold admission must consult durable capacity before publishing", ...)
FAILED
test services::event_bus::tests::persistence::cold_start::postgres_cold_drop_new_concurrent_clones_share_admission_and_owner_isolation ... 
thread 'services::event_bus::tests::persistence::cold_start::postgres_cold_drop_new_concurrent_clones_share_admission_and_owner_isolation' (2542269) panicked at src/services/event_bus/tests/persistence/cold_start.rs:116:9:
assertion `left == right` failed
  left: 30
 right: 10

thread 'services::event_bus::tests::persistence::cold_start::postgres_cold_drop_new_concurrent_clones_share_admission_and_owner_isolation' (2542269) panicked at src/services/event_bus/tests/persistence.rs:97:13:
event boundary failed; owned schema was cleaned up: JoinError::Panic(Id(38), "assertion `left == right` failed\n  left: 30\n right: 10", ...)
FAILED
test services::event_bus::tests::persistence::cold_start::postgres_cold_drop_new_count_failure_latches_memory_until_restart ... 
thread 'services::event_bus::tests::persistence::cold_start::postgres_cold_drop_new_count_failure_latches_memory_until_restart' (2542273) panicked at src/services/event_bus/tests/persistence/cold_start.rs:272:9:
capacity read failure must latch existing volatile fallback

thread 'services::event_bus::tests::persistence::cold_start::postgres_cold_drop_new_count_failure_latches_memory_until_restart' (2542273) panicked at src/services/event_bus/tests/persistence.rs:97:13:
event boundary failed; owned schema was cleaned up: JoinError::Panic(Id(95), "capacity read failure must latch existing volatile fallback", ...)
FAILED
test services::event_bus::tests::persistence::cold_start::postgres_cold_drop_new_mutations_rebase_durable_capacity ... 
thread 'services::event_bus::tests::persistence::cold_start::postgres_cold_drop_new_mutations_rebase_durable_capacity' (2542277) panicked at src/services/event_bus/tests/persistence/cold_start.rs:163:9:
assertion `left == right` failed
  left: 30
 right: 25

thread 'services::event_bus::tests::persistence::cold_start::postgres_cold_drop_new_mutations_rebase_durable_capacity' (2542277) panicked at src/services/event_bus/tests/persistence.rs:97:13:
event boundary failed; owned schema was cleaned up: JoinError::Panic(Id(118), "assertion `left == right` failed\n  left: 30\n right: 25", ...)
FAILED
test services::event_bus::tests::persistence::cold_start::postgres_cold_full_drop_new_rejects_before_memory_unread_and_broadcast ... 
thread 'services::event_bus::tests::persistence::cold_start::postgres_cold_full_drop_new_rejects_before_memory_unread_and_broadcast' (2542281) panicked at src/services/event_bus/tests/persistence/cold_start.rs:51:9:
assertion `left == right` failed: full durable history cannot admit phantom live events
  left: 3
 right: 0

thread 'services::event_bus::tests::persistence::cold_start::postgres_cold_full_drop_new_rejects_before_memory_unread_and_broadcast' (2542281) panicked at src/services/event_bus/tests/persistence.rs:97:13:
event boundary failed; owned schema was cleaned up: JoinError::Panic(Id(144), "assertion `left == right` failed: full durable history cannot admit phantom live events\n  left: 3\n right: 0", ...)
FAILED
test services::event_bus::tests::persistence::cold_start::postgres_cold_partial_drop_new_counts_pending_publications_before_flush ... 
thread 'services::event_bus::tests::persistence::cold_start::postgres_cold_partial_drop_new_counts_pending_publications_before_flush' (2542285) panicked at src/services/event_bus/tests/persistence/cold_start.rs:82:9:
assertion `left == right` failed: pending inserts also consume capacity
  left: [100, 101, 102, 103, 104, 105, 106, 107, 108, 109]
 right: [100, 101]

thread 'services::event_bus::tests::persistence::cold_start::postgres_cold_partial_drop_new_counts_pending_publications_before_flush' (2542285) panicked at src/services/event_bus/tests/persistence.rs:97:13:
event boundary failed; owned schema was cleaned up: JoinError::Panic(Id(168), "assertion `left == right` failed: pending inserts also consume capacity\n  left: [100, 101, 102, 103, 104, 105, 106, 107, 108, 109]\n right: [100, 101]", ...)
FAILED
test services::event_bus::tests::persistence::cold_start::postgres_writer_drains_multiple_batches_after_last_producer_drops ... 
thread 'services::event_bus::tests::persistence::cold_start::postgres_writer_drains_multiple_batches_after_last_producer_drops' (2542289) panicked at src/services/event_bus/tests/lifecycle.rs:11:10:
the writer must exit after the last producer leaves: Elapsed(())

thread 'services::event_bus::tests::persistence::cold_start::postgres_writer_drains_multiple_batches_after_last_producer_drops' (2542289) panicked at src/services/event_bus/tests/persistence.rs:97:13:
event boundary failed; owned schema was cleaned up: JoinError::Panic(Id(193), "the writer must exit after the last producer leaves: Elapsed(())", ...)
FAILED

failures:

failures:
    services::event_bus::tests::persistence::cold_start::postgres_cancelled_cold_drop_new_admission_does_not_lose_capacity
    services::event_bus::tests::persistence::cold_start::postgres_cold_drop_new_concurrent_clones_share_admission_and_owner_isolation
    services::event_bus::tests::persistence::cold_start::postgres_cold_drop_new_count_failure_latches_memory_until_restart
    services::event_bus::tests::persistence::cold_start::postgres_cold_drop_new_mutations_rebase_durable_capacity
    services::event_bus::tests::persistence::cold_start::postgres_cold_full_drop_new_rejects_before_memory_unread_and_broadcast
    services::event_bus::tests::persistence::cold_start::postgres_cold_partial_drop_new_counts_pending_publications_before_flush
    services::event_bus::tests::persistence::cold_start::postgres_writer_drains_multiple_batches_after_last_producer_drops

test result: FAILED. 0 passed; 7 failed; 0 ignored; 0 measured; 201 filtered out; finished in 2.43s

error: test failed, to rerun pass `--lib`
