✖ Rust CI explicitly runs every queued event persistence and retention boundary (5.085177ms)
✔ Rust CI runs PostgreSQL acceptance against its disposable service and rejects an empty selection (1.543247ms)
✔ Rust CI promotes every auth boundary regression plus script/event persistence checks (1.595183ms)
✔ Rust CI exercises persisted authentication and duplicate registration on the disposable database (0.580165ms)
ℹ tests 4
ℹ suites 0
ℹ pass 3
ℹ fail 1
ℹ cancelled 0
ℹ skipped 0
ℹ todo 0
ℹ duration_ms 51.000917

✖ failing tests:

test at scripts/tests/postgresCi.test.mjs:5:1
✖ Rust CI explicitly runs every queued event persistence and retention boundary (5.085177ms)
  AssertionError [ERR_ASSERTION]: postgres_cold_full_drop_new_rejects_before_memory_unread_and_broadcast
      at TestContext.<anonymous> (file:///home/chiharukiryu/cdev/cyanrex-lab/scripts/tests/postgresCi.test.mjs:13:14)
      at async Test.run (node:internal/test_runner/test:1409:7)
      at async startSubtestAfterBootstrap (node:internal/test_runner/harness:387:3) {
    generatedMessage: false,
    code: 'ERR_ASSERTION',
    actual: false,
    expected: true,
    operator: '==',
    diff: 'simple'
  }
