File length limits passed.
Version metadata is synchronized at 0.4.1.
[course] committed frontend course copy matches docs.
Generated OpenAPI document is current (64 paths).
OpenAPI contract is synchronized at 0.4.1: 68 Engine operations, 63 SDK operations.
API compatibility passed against 0.3.0: 61 operations remain compatible with 0.4.1.
Generated SDK types are current (85 schemas).
Generated SDK operations are current (63 operations).
SDK public surface is compatible: 85 members, 8 additive.
✔ compatibility rejects removed operations and changed access tiers (6.769681ms)
✔ compatibility rejects request requirements and enum narrowing (3.90419ms)
✔ compatibility rejects weakened response guarantees (0.736195ms)
✔ compatibility permits additive operations and compatible object growth (23.20364ms)
✔ compatibility treats nullable input and output in opposite directions (3.080087ms)
✔ auth mutations document unconfirmed storage writes without weakening access or success schemas (8.579466ms)
✔ login and destructive event filters expose failure behavior without changing success contracts (3.702781ms)
✔ classroom endpoints preserve separate discovery, invitation and join trust boundaries (8.693408ms)
✔ launchers forward opt-in classroom config and explicitly build the frontend API address (5.9962ms)
✔ course documentation sync detects drift and replaces the generated tree (29.945444ms)
✔ Engine Docker context admits compile-time OpenAPI and migration assets (15.242901ms)
✔ Engine Docker builder copies compile-time assets before compiling (6.192067ms)
✔ frontend prebuild works with only its Docker context and committed course copy (181.335207ms)
✔ event mutations document unconfirmed writes, cancellation and private acknowledgements (9.726867ms)
✔ event reads document private unavailable results without changing session authority or success shapes (9.889197ms)
✔ event settings expose private unavailable reads and unconfirmed transactional updates (12.954994ms)
✔ functional network enumerates default Next page extensions and excludes framework files (2.203586ms)
✔ functional network accepts a complete source snapshot (1.297716ms)
✔ functional network rejects missing, extra and duplicate operation ownership (0.518965ms)
✔ functional network rejects unknown graph, module and page targets (0.357907ms)
✔ functional network detects version, source, access, page and catalog drift (2.560721ms)
✔ functional network rejects stale counts and source references missing from manifest (0.397417ms)
✔ functional network rejects mismatched API back-references and duplicate IDs (0.268636ms)
✔ learning benchmark rotates configurations without dropping or duplicating any pair (2.459997ms)
✔ cold-load pairs retain all four fixtures and alternate across five rounds (2.194217ms)
✔ every learning benchmark configuration swaps its before/after order each round (0.754332ms)
✔ learning projections distinguish failed storage reads from empty success and remain private (14.298343ms)
✔ npm audit retains production scope, moderate threshold, and finite timeouts (1.774735ms)
✔ valid clean and below-threshold audit reports pass without retrying (0.566411ms)
✔ vulnerability reports fail immediately, including misleading transient error text (0.454524ms)
✔ network failures, rate limits, and server errors retry a fresh audit (1.089383ms)
✔ npm 9 message-only socket failures are recognized (0.193994ms)
✔ retired Quick fallback retries Bulk through npm without accepting the failed report (0.220688ms)
✔ persistent transient failures stop after three attempts and stay failed (0.277814ms)
✔ authentication, certificate, lockfile, and unknown errors never retry (0.412668ms)
✔ missing or malformed reports cannot pass even if npm exits zero (0.419552ms)
✔ process launch failures fail closed and timeouts remain bounded (0.455405ms)
✔ real npm CLI retries Bulk, including a retired Quick fallback when used (1472.214244ms)
✔ local and CI frontend/SDK audits share the same fail-closed wrapper (0.983186ms)
✔ extractEngineOperations handles chained Axum methods and multiline routes (2.266825ms)
✔ extractEngineAccess follows the Axum router trust tiers (8.599989ms)
✔ extractSdkOperations recognizes generic requests, downloads, and WebSockets (2.392079ms)
✔ OpenAPI operation extraction and comparison report exact drift (0.489945ms)
✔ Rust CI explicitly runs every queued event persistence and retention boundary (8.731074ms)
✔ Rust CI runs PostgreSQL acceptance against its disposable service and rejects an empty selection (2.551332ms)
✔ Rust CI promotes every auth boundary regression plus script/event persistence checks (2.22563ms)
✔ Rust CI exercises persisted authentication and duplicate registration on the disposable database (1.491921ms)
✔ release metadata records source, image references, and archive integrity (11.098142ms)
✔ release metadata rejects ambiguous or host-specific build inputs (1.911683ms)
✔ release expectations bind a candidate to its tag, commit, source state, and image mode (4.249932ms)
✔ release metadata CLI parses tag-bound verification expectations (0.875077ms)
✔ Git source inspection distinguishes clean, dirty, tagged, and unavailable trees (87.753058ms)
✔ packaged metadata verification binds JSON and image archive to checksums (5.847687ms)
✔ release argument parsing requires one explicit mode (2.004362ms)
✔ release snapshot validation reports every mismatched field and changelog requirement (1.430226ms)
✔ release preflight accepts a clean candidate and its annotated immutable tag (338.797912ms)
✔ user remote checks document bounded queue waiting without changing success or access (0.833102ms)
✔ Agent claim and sync retain signed authority and explain capacity and lost leases (0.197862ms)
✔ operation generation covers SDK transports and excludes signed Agent protocol (16.464703ms)
✔ rendered operations preserve required path, query, body, and response types (1.153964ms)
✔ operation generation rejects unsupported parameters and mismatched path templates (0.697968ms)
✔ client surface extraction keeps public methods and nested namespace paths (2.142852ms)
✔ client surface comparison rejects removals while reporting additive members (0.353387ms)
✔ client surface baseline rendering is sorted and deterministic (0.316022ms)
✔ schemaToType renders references, nullable unions, arrays, and maps (1.134104ms)
✔ renderSdkSchemaTypes emits a deterministic named schema map (0.34993ms)
✔ schemaToType rejects references outside component schemas (0.456347ms)
✔ the legacy admin API tier truthfully includes teacher deployment authority (6.996852ms)
✔ supported launchers pass explicit teacher and legacy administrator allowlists (2.049372ms)
ℹ tests 69
ℹ suites 0
ℹ pass 69
ℹ fail 0
ℹ cancelled 0
ℹ skipped 0
ℹ todo 0
ℹ duration_ms 1642.954272
Runner Agent management tool checks passed.
Distribution management tool checks passed.
Live kernel smoke tool checks passed.
Release candidate bundle verifier checks passed.
