✔ malformed metrics cannot crash the settings form or Runner panel (1976.747326ms)
✔ a stalled metrics read has a deadline and releases explicit refresh (555.20093ms)
✔ navigation invalidates metrics and aborts obsolete reads (488.707583ms)
✔ background failure marks retained metrics stale and removes old refresh success (452.489296ms)
✔ locale changes do not reload metrics or discard the settings draft (508.551749ms)
✔ saving settings cannot erase an unrelated metrics failure (616.103704ms)
✔ pending event settings do not block independent metrics refresh (459.263771ms)
✔ Strict Mode owns a new read and late obsolete responses cannot overwrite it (474.544041ms)
✔ Engine changes hide the previous sample and invalidate old refresh callbacks (601.326663ms)
✔ unmount stops metrics reads, late results and future polling (490.293336ms)
✔ polling waits after completion and coalesces overlapping refresh requests (438.152669ms)
✔ a hung JSON body times out and cannot replace a later successful sample (424.85291ms)
✔ stale samples lose the healthy label until a validated retry succeeds (456.061116ms)
✔ metrics failures leave Runner cancellation and settings controls independent (598.482786ms)
✔ unavailable and stale feedback translates without extra reads in all four locales (545.267238ms)
✔ malformed Runner inventory cannot crash neighboring settings controls (2015.436637ms)
✔ stalled inventory reads time out and release refresh (454.633811ms)
✔ navigation aborts obsolete inventories and starts a new owner (443.024751ms)
✔ failed refresh keeps the previous inventory read-only (475.393039ms)
✔ a 2xx response without a matching cancellation acknowledgement is not success (556.205905ms)
✔ probe submission requires a reviewed confirmation (445.830596ms)
✔ leaving the page aborts a pending cancellation without a follow-up refresh (548.201951ms)
✔ Strict Mode and late obsolete reads cannot overwrite the current atomic inventory (448.264573ms)
✔ a failed half of the inventory pair aborts its sibling and cannot publish a partial update (615.585137ms)
✔ a stalled inventory body cannot publish after a newer verified read (658.746656ms)
✔ probe approval submits exactly once and validates the returned job before success (560.44375ms)
✔ a cancellation acknowledgement remains confirmed if the follow-up inventory fails (528.249903ms)
✔ timed-out cancellation stays uncertain through polling until explicit refresh (666.896539ms)
✔ a stalled cancellation body has the same deadline and never retries the write (575.5672ms)
✔ background state changes invalidate a reviewed cancellation target (543.964458ms)
✔ a confirmation cannot dispatch while inventory refresh is still in flight (561.471415ms)
✔ probe review rechecks Agent expiry using Engine-relative time (511.78385ms)
✔ Engine changes close the old confirmation and abort its pending POST (563.78035ms)
✔ navigation aborts a pending write and its late response cannot touch the next page (484.20639ms)
✔ read polling waits after completion and is paused during writes (440.240515ms)
✔ unmount aborts both reads, drops late data and stops timers (334.817707ms)
✔ HTTP failures and incorrect media types stay generic and cannot acknowledge an action (645.483629ms)
✔ probe confirmation can be dismissed safely and rejects a re-registered Agent (511.379837ms)
✔ locale changes translate feedback without extra Runner reads or settings draft loss (542.731398ms)
(node:3562807) [MODULE_TYPELESS_PACKAGE_JSON] Warning: Module type of file:///home/chiharukiryu/cdev/cyanrex-lab/frontend/src/i18n/locales/runnerSafety.ts is not specified and it doesn't parse as CommonJS.
Reparsing as ES module because module syntax was detected. This incurs a performance overhead.
To eliminate this warning, add "type": "module" to /home/chiharukiryu/cdev/cyanrex-lab/frontend/package.json.
(Use `node --trace-warnings ...` to show where the warning was created)
✔ inventories accept Engine DTOs, disabled registries and retained terminal jobs (2.18641ms)
✔ inventories reject missing containers, wrong counts and duplicate identities (0.761825ms)
✔ all displayed nested fields are validated before rendering (0.426962ms)
✔ counts and capacities reject coercion, impossible sums and unsafe arithmetic (0.389429ms)
✔ timestamps require explicit time zones and real parseable instants (0.332388ms)
✔ inventory bounds prevent unbounded retained lists and nested labels (0.380652ms)
✔ all locales include readable, matching Runner safety messages (0.20512ms)
✔ validated display DTOs are copied and ignore output or future extension fields (0.176033ms)
✔ probe acknowledgement binds the submitted agent, kind, state and request (0.432793ms)
✔ cancel acknowledgements accept both Engine transitions but bind the reviewed job (0.401793ms)
✔ failed settings reads cannot enable saving cached defaults (1992.73248ms)
✔ Strict Mode obsolete settings reads cannot overwrite the current load (527.048339ms)
✔ unconfirmed event settings cannot dispatch the compiler save (613.235481ms)
✔ navigation cancels a pending save and cannot dispatch a late second step (560.817082ms)
✔ partial settings saves require verification before a new confirmation (588.265924ms)
✔ stalled initial settings requests have a bounded read wait and explicit reload (446.341733ms)
✔ successful saves freeze normalized values, lock editing and dispatch each stage only once (629.774611ms)
✔ unavailable compiler reads explicitly allow event-only saving, never a hidden compiler write (621.555929ms)
✔ malformed event reads stay blocked until an explicit fresh reload succeeds (654.242801ms)
✔ event save timeout blocks retry and ignores late acknowledgement before fresh verification (701.186529ms)
✔ compiler timeout retains partial-save warning even after metrics refresh (625.93237ms)
✔ unmount aborts saving and prevents late writes or unread notifications (518.724467ms)
✔ cancelling a review or navigating before confirmation never writes (594.223851ms)
✔ blank and fractional drafts cannot be confirmed; discarding a draft needs explicit approval (689.094494ms)
✔ locale changes preserve the draft and never reload or mutate settings (506.2898ms)
✔ new navigation owns loading state and rejects all earlier read results (503.699049ms)
✔ a mismatched compiler acknowledgement cannot claim complete success (562.67511ms)
ℹ tests 66
ℹ suites 0
ℹ pass 66
ℹ fail 0
ℹ cancelled 0
ℹ skipped 0
ℹ todo 0
ℹ duration_ms 14327.41129
