File length limits passed.
Version metadata is synchronized at 0.4.1.
[course] committed frontend course copy matches docs.
Generated OpenAPI document is current (64 paths).
OpenAPI contract is synchronized at 0.4.1: 68 Engine operations, 63 SDK operations.
API compatibility passed against 0.3.0: 61 operations remain compatible with 0.4.1.
Generated SDK types are current (85 schemas).
Generated SDK operations are current (63 operations).
SDK public surface is compatible: 85 members, 8 additive.
✔ compatibility rejects removed operations and changed access tiers (5.316832ms)
✔ compatibility rejects request requirements and enum narrowing (0.6191ms)
✔ compatibility rejects weakened response guarantees (0.603449ms)
✔ compatibility permits additive operations and compatible object growth (10.002041ms)
✔ compatibility treats nullable input and output in opposite directions (1.093759ms)
✔ auth mutations document unconfirmed storage writes without weakening access or success schemas (7.973551ms)
✔ login and destructive event filters expose failure behavior without changing success contracts (7.886963ms)
✔ classroom endpoints preserve separate discovery, invitation and join trust boundaries (11.361365ms)
✔ launchers forward opt-in classroom config and explicitly build the frontend API address (5.376107ms)
✔ course documentation sync detects drift and replaces the generated tree (49.967082ms)
✔ Engine Docker context admits compile-time OpenAPI and migration assets (7.675523ms)
✔ Engine Docker builder copies compile-time assets before compiling (1.964557ms)
✔ frontend prebuild works with only its Docker context and committed course copy (214.113279ms)
✔ event mutations document unconfirmed writes, cancellation and private acknowledgements (12.07651ms)
✔ event reads document private unavailable results without changing session authority or success shapes (9.69732ms)
✔ event settings expose private unavailable reads and unconfirmed transactional updates (10.010748ms)
✔ functional network enumerates default Next page extensions and excludes framework files (2.066545ms)
✔ functional network accepts a complete source snapshot (1.010558ms)
✔ functional network rejects missing, extra and duplicate operation ownership (0.539966ms)
✔ functional network rejects unknown graph, module and page targets (0.354076ms)
✔ functional network detects version, source, access, page and catalog drift (1.715814ms)
✔ functional network rejects stale counts and source references missing from manifest (0.345871ms)
✔ functional network rejects mismatched API back-references and duplicate IDs (0.205488ms)
✔ learning benchmark rotates configurations without dropping or duplicating any pair (2.230241ms)
✔ cold-load pairs retain all four fixtures and alternate across five rounds (1.962032ms)
✔ every learning benchmark configuration swaps its before/after order each round (0.72764ms)
✔ learning projections distinguish failed storage reads from empty success and remain private (11.489994ms)
✔ npm audit retains production scope, moderate threshold, and finite timeouts (2.33785ms)
✔ valid clean and below-threshold audit reports pass without retrying (0.818887ms)
✔ vulnerability reports fail immediately, including misleading transient error text (0.491943ms)
✔ network failures, rate limits, and server errors retry a fresh audit (1.612885ms)
✔ npm 9 message-only socket failures are recognized (0.303117ms)
✔ retired Quick fallback retries Bulk through npm without accepting the failed report (0.317835ms)
✔ persistent transient failures stop after three attempts and stay failed (0.395226ms)
✔ authentication, certificate, lockfile, and unknown errors never retry (1.152333ms)
✔ missing or malformed reports cannot pass even if npm exits zero (0.473087ms)
✔ process launch failures fail closed and timeouts remain bounded (1.289449ms)
✔ real npm CLI retries Bulk, including a retired Quick fallback when used (1507.81031ms)
✔ local and CI frontend/SDK audits share the same fail-closed wrapper (0.950241ms)
✔ extractEngineOperations handles chained Axum methods and multiline routes (2.052527ms)
✔ extractEngineAccess follows the Axum router trust tiers (10.20783ms)
✔ extractSdkOperations recognizes generic requests, downloads, and WebSockets (2.076824ms)
✔ OpenAPI operation extraction and comparison report exact drift (0.436456ms)
✔ Rust CI explicitly runs every queued event persistence and retention boundary (16.831094ms)
✔ Rust CI runs PostgreSQL acceptance against its disposable service and rejects an empty selection (2.63161ms)
✔ Rust CI promotes every auth boundary regression plus script/event persistence checks (1.676669ms)
✔ Rust CI exercises persisted authentication and duplicate registration on the disposable database (1.001ms)
✔ release metadata records source, image references, and archive integrity (10.210004ms)
✔ release metadata rejects ambiguous or host-specific build inputs (1.805478ms)
✔ release expectations bind a candidate to its tag, commit, source state, and image mode (5.899992ms)
✔ release metadata CLI parses tag-bound verification expectations (0.763911ms)
✔ Git source inspection distinguishes clean, dirty, tagged, and unavailable trees (88.320479ms)
✔ packaged metadata verification binds JSON and image archive to checksums (8.632898ms)
✔ release argument parsing requires one explicit mode (2.288856ms)
✔ release snapshot validation reports every mismatched field and changelog requirement (1.405824ms)
✔ release preflight accepts a clean candidate and its annotated immutable tag (353.449641ms)
✔ user remote checks document bounded queue waiting without changing success or access (1.030437ms)
✔ Agent claim and sync retain signed authority and explain capacity and lost leases (0.198805ms)
✔ operation generation covers SDK transports and excludes signed Agent protocol (13.798488ms)
✔ rendered operations preserve required path, query, body, and response types (1.219853ms)
✔ operation generation rejects unsupported parameters and mismatched path templates (0.732619ms)
✔ client surface extraction keeps public methods and nested namespace paths (2.561143ms)
✔ client surface comparison rejects removals while reporting additive members (0.431757ms)
✔ client surface baseline rendering is sorted and deterministic (0.341952ms)
✔ schemaToType renders references, nullable unions, arrays, and maps (1.143115ms)
✔ renderSdkSchemaTypes emits a deterministic named schema map (0.43849ms)
✔ schemaToType rejects references outside component schemas (0.475862ms)
✔ the legacy admin API tier truthfully includes teacher deployment authority (6.562005ms)
✔ supported launchers pass explicit teacher and legacy administrator allowlists (2.734548ms)
ℹ tests 69
ℹ suites 0
ℹ pass 69
ℹ fail 0
ℹ cancelled 0
ℹ skipped 0
ℹ todo 0
ℹ duration_ms 1675.797991
Runner Agent management tool checks passed.
Distribution management tool checks passed.
Live kernel smoke tool checks passed.
Release candidate bundle verifier checks passed.
