✖ malformed Runner inventory cannot crash neighboring settings controls (1459.027739ms)
✖ stalled inventory reads time out and release refresh (286.428099ms)
✖ navigation aborts obsolete inventories and starts a new owner (287.52893ms)
✖ failed refresh keeps the previous inventory read-only (357.473749ms)
✔ a 2xx response without a matching cancellation acknowledgement is not success (397.160053ms)
✖ probe submission requires a reviewed confirmation (330.462314ms)
✖ leaving the page aborts a pending cancellation without a follow-up refresh (367.056367ms)
ℹ tests 7
ℹ suites 0
ℹ pass 1
ℹ fail 6
ℹ cancelled 0
ℹ skipped 0
ℹ todo 0
ℹ duration_ms 3640.580245

✖ failing tests:

test at frontend/tests/runnerAdmin.browser.mjs:37:1
✖ malformed Runner inventory cannot crash neighboring settings controls (1459.027739ms)
  AssertionError [ERR_ASSERTION]: Expected values to be strictly equal:
  
  0 !== 1
  
      at file:///home/chiharukiryu/cdev/cyanrex-lab/frontend/tests/runnerAdmin.browser.mjs:40:10
      at async run (file:///home/chiharukiryu/cdev/cyanrex-lab/frontend/tests/runnerAdmin.browser.mjs:34:9)
      at async Test.run (node:internal/test_runner/test:1389:7)
      at async startSubtestAfterBootstrap (node:internal/test_runner/harness:387:3) {
    generatedMessage: true,
    code: 'ERR_ASSERTION',
    actual: 0,
    expected: 1,
    operator: 'strictEqual',
    diff: 'simple'
  }

test at frontend/tests/runnerAdmin.browser.mjs:44:1
✖ stalled inventory reads time out and release refresh (286.428099ms)
  AssertionError [ERR_ASSERTION]: Expected values to be strictly equal:
  + actual - expected
  
  + undefined
  - true
  
      at file:///home/chiharukiryu/cdev/cyanrex-lab/frontend/tests/runnerAdmin.browser.mjs:46:10
      at async run (file:///home/chiharukiryu/cdev/cyanrex-lab/frontend/tests/runnerAdmin.browser.mjs:34:9)
      at async Test.run (node:internal/test_runner/test:1389:7)
      at async Test.processPendingSubtests (node:internal/test_runner/test:960:7) {
    generatedMessage: true,
    code: 'ERR_ASSERTION',
    actual: undefined,
    expected: true,
    operator: 'strictEqual',
    diff: 'simple'
  }

test at frontend/tests/runnerAdmin.browser.mjs:50:1
✖ navigation aborts obsolete inventories and starts a new owner (287.52893ms)
  AssertionError [ERR_ASSERTION]: Expected values to be strictly equal:
  + actual - expected
  
  + undefined
  - true
  
      at file:///home/chiharukiryu/cdev/cyanrex-lab/frontend/tests/runnerAdmin.browser.mjs:53:10
      at async run (file:///home/chiharukiryu/cdev/cyanrex-lab/frontend/tests/runnerAdmin.browser.mjs:34:9)
      at async Test.run (node:internal/test_runner/test:1389:7)
      at async Test.processPendingSubtests (node:internal/test_runner/test:960:7) {
    generatedMessage: true,
    code: 'ERR_ASSERTION',
    actual: undefined,
    expected: true,
    operator: 'strictEqual',
    diff: 'simple'
  }

test at frontend/tests/runnerAdmin.browser.mjs:57:1
✖ failed refresh keeps the previous inventory read-only (357.473749ms)
  AssertionError [ERR_ASSERTION]: Expected values to be strictly equal:
  
  false !== true
  
      at file:///home/chiharukiryu/cdev/cyanrex-lab/frontend/tests/runnerAdmin.browser.mjs:60:10
      at async run (file:///home/chiharukiryu/cdev/cyanrex-lab/frontend/tests/runnerAdmin.browser.mjs:34:9)
      at async Test.run (node:internal/test_runner/test:1389:7)
      at async Test.processPendingSubtests (node:internal/test_runner/test:960:7) {
    generatedMessage: true,
    code: 'ERR_ASSERTION',
    actual: false,
    expected: true,
    operator: 'strictEqual',
    diff: 'simple'
  }

test at frontend/tests/runnerAdmin.browser.mjs:70:1
✖ probe submission requires a reviewed confirmation (330.462314ms)
  AssertionError [ERR_ASSERTION]: Expected values to be strictly equal:
  
  1 !== 0
  
      at file:///home/chiharukiryu/cdev/cyanrex-lab/frontend/tests/runnerAdmin.browser.mjs:72:10
      at async run (file:///home/chiharukiryu/cdev/cyanrex-lab/frontend/tests/runnerAdmin.browser.mjs:34:9)
      at async Test.run (node:internal/test_runner/test:1389:7)
      at async Test.processPendingSubtests (node:internal/test_runner/test:960:7) {
    generatedMessage: true,
    code: 'ERR_ASSERTION',
    actual: 1,
    expected: 0,
    operator: 'strictEqual',
    diff: 'simple'
  }

test at frontend/tests/runnerAdmin.browser.mjs:76:1
✖ leaving the page aborts a pending cancellation without a follow-up refresh (367.056367ms)
  AssertionError [ERR_ASSERTION]: Expected values to be strictly equal:
  + actual - expected
  
  + undefined
  - true
  
      at file:///home/chiharukiryu/cdev/cyanrex-lab/frontend/tests/runnerAdmin.browser.mjs:78:10
      at async run (file:///home/chiharukiryu/cdev/cyanrex-lab/frontend/tests/runnerAdmin.browser.mjs:34:9)
      at async Test.run (node:internal/test_runner/test:1389:7)
      at async Test.processPendingSubtests (node:internal/test_runner/test:960:7) {
    generatedMessage: true,
    code: 'ERR_ASSERTION',
    actual: undefined,
    expected: true,
    operator: 'strictEqual',
    diff: 'simple'
  }
