(node:3559018) [MODULE_TYPELESS_PACKAGE_JSON] Warning: Module type of file:///home/chiharukiryu/cdev/cyanrex-lab/frontend/src/features/runner/runnerInventory.ts is not specified and it doesn't parse as CommonJS.
Reparsing as ES module because module syntax was detected. This incurs a performance overhead.
To eliminate this warning, add "type": "module" to /home/chiharukiryu/cdev/cyanrex-lab/frontend/package.json.
(Use `node --trace-warnings ...` to show where the warning was created)
✔ inventories accept Engine DTOs, disabled registries and retained terminal jobs (1.765187ms)
✔ inventories reject missing containers, wrong counts and duplicate identities (0.547138ms)
✔ all displayed nested fields are validated before rendering (0.467172ms)
✔ counts and capacities reject coercion, impossible sums and unsafe arithmetic (0.562248ms)
✔ timestamps require explicit time zones and real parseable instants (0.403969ms)
✔ validated display DTOs are copied and ignore output or future extension fields (0.172887ms)
✔ probe acknowledgement binds the submitted agent, kind, state and request (0.254667ms)
✔ cancel acknowledgements accept both Engine transitions but bind the reviewed job (0.228285ms)
ℹ tests 8
ℹ suites 0
ℹ pass 8
ℹ fail 0
ℹ cancelled 0
ℹ skipped 0
ℹ todo 0
ℹ duration_ms 94.851826
