File length limits passed.
Version metadata is synchronized at 0.4.0.
[course] committed frontend course copy matches docs.
Generated OpenAPI document is current (64 paths).
OpenAPI contract is synchronized at 0.4.0: 68 Engine operations, 63 SDK operations.
API compatibility passed against 0.3.0: 61 operations remain compatible with 0.4.0.
Generated SDK types are current (85 schemas).
Generated SDK operations are current (63 operations).
SDK public surface is compatible: 85 members, 8 additive.
✔ compatibility rejects removed operations and changed access tiers (4.860158ms)
✔ compatibility rejects request requirements and enum narrowing (0.618506ms)
✔ compatibility rejects weakened response guarantees (0.583397ms)
✔ compatibility permits additive operations and compatible object growth (9.970612ms)
✔ compatibility treats nullable input and output in opposite directions (0.885676ms)
✔ auth mutations document unconfirmed storage writes without weakening access or success schemas (11.410067ms)
✔ login and destructive event filters expose failure behavior without changing success contracts (12.010368ms)
✔ classroom endpoints preserve separate discovery, invitation and join trust boundaries (9.148021ms)
✔ launchers forward opt-in classroom config and explicitly build the frontend API address (6.033244ms)
✔ course documentation sync detects drift and replaces the generated tree (44.89537ms)
✔ Engine Docker context admits compile-time OpenAPI and migration assets (18.761555ms)
✔ Engine Docker builder copies compile-time assets before compiling (4.925017ms)
✔ frontend prebuild works with only its Docker context and committed course copy (185.238882ms)
✔ event reads document private unavailable results without changing session authority or success shapes (7.965697ms)
✔ functional network enumerates default Next page extensions and excludes framework files (2.06288ms)
✔ functional network accepts a complete source snapshot (1.012568ms)
✔ functional network rejects missing, extra and duplicate operation ownership (0.490593ms)
✔ functional network rejects unknown graph, module and page targets (0.36286ms)
✔ functional network detects version, source, access, page and catalog drift (2.974539ms)
✔ functional network rejects stale counts and source references missing from manifest (0.426586ms)
✔ functional network rejects mismatched API back-references and duplicate IDs (0.263763ms)
✔ learning benchmark rotates configurations without dropping or duplicating any pair (2.537332ms)
✔ cold-load pairs retain all four fixtures and alternate across five rounds (2.402134ms)
✔ every learning benchmark configuration swaps its before/after order each round (0.886929ms)
✔ learning projections distinguish failed storage reads from empty success and remain private (11.750773ms)
✔ npm audit retains production scope, moderate threshold, and finite timeouts (2.500418ms)
✔ valid clean and below-threshold audit reports pass without retrying (0.76152ms)
✔ vulnerability reports fail immediately, including misleading transient error text (0.46399ms)
✔ network failures, rate limits, and server errors retry a fresh audit (1.730461ms)
✔ npm 9 message-only socket failures are recognized (0.262541ms)
✔ retired Quick fallback retries Bulk through npm without accepting the failed report (0.271278ms)
✔ persistent transient failures stop after three attempts and stay failed (0.926437ms)
✔ authentication, certificate, lockfile, and unknown errors never retry (0.838293ms)
✔ missing or malformed reports cannot pass even if npm exits zero (0.375104ms)
✔ process launch failures fail closed and timeouts remain bounded (1.176463ms)
✔ real npm CLI retries Bulk, including a retired Quick fallback when used (1488.984065ms)
✔ local and CI frontend/SDK audits share the same fail-closed wrapper (2.133169ms)
✔ extractEngineOperations handles chained Axum methods and multiline routes (2.56674ms)
✔ extractEngineAccess follows the Axum router trust tiers (19.313761ms)
✔ extractSdkOperations recognizes generic requests, downloads, and WebSockets (2.885752ms)
✔ OpenAPI operation extraction and comparison report exact drift (0.733184ms)
✔ Rust CI explicitly runs every queued event persistence and retention boundary (10.639438ms)
✔ Rust CI runs PostgreSQL acceptance against its disposable service and rejects an empty selection (2.908989ms)
✔ Rust CI promotes every auth boundary regression plus script/event persistence checks (5.202717ms)
✔ Rust CI exercises persisted authentication and duplicate registration on the disposable database (3.354843ms)
✔ release metadata records source, image references, and archive integrity (12.138442ms)
✔ release metadata rejects ambiguous or host-specific build inputs (1.221943ms)
✔ release expectations bind a candidate to its tag, commit, source state, and image mode (2.404919ms)
✔ release metadata CLI parses tag-bound verification expectations (0.65518ms)
✔ Git source inspection distinguishes clean, dirty, tagged, and unavailable trees (51.678833ms)
✔ packaged metadata verification binds JSON and image archive to checksums (5.073762ms)
✔ release argument parsing requires one explicit mode (2.286695ms)
✔ release snapshot validation reports every mismatched field and changelog requirement (2.586439ms)
✔ release preflight accepts a clean candidate and its annotated immutable tag (230.336554ms)
✔ user remote checks document bounded queue waiting without changing success or access (1.642037ms)
✔ Agent claim and sync retain signed authority and explain capacity and lost leases (0.3078ms)
✔ operation generation covers SDK transports and excludes signed Agent protocol (11.218798ms)
✔ rendered operations preserve required path, query, body, and response types (0.952178ms)
✔ operation generation rejects unsupported parameters and mismatched path templates (0.57493ms)
✔ client surface extraction keeps public methods and nested namespace paths (1.982942ms)
✔ client surface comparison rejects removals while reporting additive members (0.26733ms)
✔ client surface baseline rendering is sorted and deterministic (0.244395ms)
✔ schemaToType renders references, nullable unions, arrays, and maps (1.24563ms)
✔ renderSdkSchemaTypes emits a deterministic named schema map (0.492577ms)
✔ schemaToType rejects references outside component schemas (0.440513ms)
✔ the legacy admin API tier truthfully includes teacher deployment authority (6.783773ms)
✔ supported launchers pass explicit teacher and legacy administrator allowlists (2.276544ms)
ℹ tests 67
ℹ suites 0
ℹ pass 67
ℹ fail 0
ℹ cancelled 0
ℹ skipped 0
ℹ todo 0
ℹ duration_ms 1627.468233
Runner Agent management tool checks passed.
Distribution management tool checks passed.
Live kernel smoke tool checks passed.
Release candidate bundle verifier checks passed.
