   Compiling cyanrex-engine v0.4.0 (/home/chiharukiryu/cdev/cyanrex-lab/engine)
    Finished `test` profile [unoptimized + debuginfo] target(s) in 11.56s
     Running unittests src/lib.rs (engine/target/debug/deps/cyanrex_engine-f07d476bbb92d94d)

running 1 test
2026-09-24T04:54:56.754162Z  WARN cyanrex_engine::services::event_bus::reads: event storage read failed; persistence remains retryable error=error occurred while decoding column "payload": mismatched types; Rust type `sqlx_core::types::json::Json<serde_json::value::Value>` (as SQL type `JSONB`) is not compatible with SQL type `TEXT`
2026-09-24T04:54:56.760369Z  WARN cyanrex_engine::services::event_bus::reads: event storage read failed; persistence remains retryable error=error returned from database: cached plan must not change result type

thread 'services::event_bus::tests::persistence::reads::postgres_payload_decode_failure_is_not_a_fabricated_empty_object' (2612805) panicked at src/services/event_bus/tests/persistence/reads.rs:272:9:
assertion `left == right` failed
  left: 503
 right: 200
note: run with `RUST_BACKTRACE=1` environment variable to display a backtrace
2026-09-24T04:54:56.761891Z  INFO sqlx::postgres::notice: drop cascades to 2 other objects

thread 'services::event_bus::tests::persistence::reads::postgres_payload_decode_failure_is_not_a_fabricated_empty_object' (2612805) panicked at src/services/event_bus/tests/persistence.rs:106:13:
event boundary failed; owned schema was cleaned up: JoinError::Panic(Id(10), "assertion `left == right` failed\n  left: 503\n right: 200", ...)
test services::event_bus::tests::persistence::reads::postgres_payload_decode_failure_is_not_a_fabricated_empty_object ... FAILED

failures:

failures:
    services::event_bus::tests::persistence::reads::postgres_payload_decode_failure_is_not_a_fabricated_empty_object

test result: FAILED. 0 passed; 1 failed; 0 ignored; 0 measured; 216 filtered out; finished in 1.70s

error: test failed, to rerun pass `--lib`
