✔ a new debug session never renders the previous session's hits, even before effects (1868.255212ms)
✔ clearing the debug session immediately removes old hits and gap state (337.805093ms)
✔ an Engine switch cannot render hits from a same-named session on the previous Engine (373.275678ms)
✔ snapshot hits accept only positive integral instrumented line numbers (423.523841ms)
✔ live hits reject other categories and non-instrumented lines (408.030298ms)
✔ changing the instrumented set invalidates the old subscription and pending snapshot (434.687455ms)
✔ event recovery snapshots are private credentialed reads that reject redirects (378.226501ms)
✔ malformed live frames leave a visible gap without manufacturing hits or reconnecting (440.791987ms)
✔ replacing the editor removes decorations from the old owning model (376.93626ms)
✔ late keyboard callbacks from a replaced editor cannot toggle the current editor's breakpoints (408.348894ms)
✔ out-of-model and fractional hit lines never create editor decorations (382.304304ms)
✔ model replacement retires the previous model's decorations and clamps current breakpoints (423.991979ms)
✔ editor disposal unregisters keyboard callbacks before the controller unmounts (432.250908ms)
✔ late disposal of a previous model cannot clear the replacement model's decorations (365.071297ms)
✔ recovery retains its gap notice, filters sessions, and ignores old socket callbacks (439.005997ms)
✔ breakpoint view retains at most fifty hits while preserving repeated occurrences (514.464396ms)
✔ empty instrumented sets do not subscribe and canonical-equivalent sets do not reconnect (437.613416ms)
✔ snapshot timeout recovers but leaving the session cancels all retries and late results (409.507965ms)
✔ current-editor F9, gutter toggles and clearing keep valid hit decoration independent (368.53375ms)
✔ controller unmount clears its owning model even if the external editor reference changed (375.651133ms)
✔ cached diagnostics never cross Engine URLs (1860.605412ms)
✔ remounting an editor does not reuse the previous editor or account's cache (408.798361ms)
✔ source and header context use unambiguous cache identities (371.591969ms)
✔ equal-length sources with the same old 32-bit hash do not share diagnostics (356.419779ms)
✔ late success cannot replace current diagnostics or populate a stale cache (438.846544ms)
✔ late errors cannot erase the current diagnostics (465.306861ms)
✔ changing source removes old markers and status during debounce (426.451141ms)
✔ one editor's cancellation does not own another editor's request (410.109973ms)
✔ cancelled and expired remote jobs are unavailable even when they carry a result (532.398903ms)
✔ remote submission and a stalled poll each have a bounded 35-second total wait (436.551539ms)
✔ late remote submission after a target switch only cancels its job, without polling or fallback (379.292431ms)
✔ completed remote compiler results retain issue/note mapping and never trigger a local run (414.19296ms)
✔ same-editor cache reuse stops at the exact eight-second expiry (441.155651ms)
✔ cache retains at most 24 entries per editor (585.733623ms)
✔ rapid edits, blank drafts and pre-debounce unmounts dispatch no obsolete checks (450.97495ms)
✔ failed checks are not cached and local requests cannot wait beyond 20 seconds (427.286239ms)
✔ completion providers never send another editor's model to their Engine (2249.864129ms)
✔ disposing a provider aborts pending completions and discards late items (463.782279ms)
✔ model edits and replacements invalidate completion callbacks even without token cancellation (493.587992ms)
✔ completion cache cannot survive provider/header-context replacement (470.331292ms)
✔ pre-cancelled completion tokens never return cached semantic suggestions (454.896598ms)
✔ separate completion providers do not share cancellation ownership (469.805431ms)
✔ completion network failures retain snippets without unhandled promise rejections (448.325161ms)
✔ stalled completion is aborted after ten seconds while static snippets remain available (447.629962ms)
✔ section snippets insert actual line breaks, not literal backslash-n text (442.928002ms)
✔ manual header checks discard late results after source changes (544.898912ms)
✔ duplicate manual-check calls dispatch only once (568.015594ms)
✔ manual header checks abort on unmount and have a complete-request deadline (534.491353ms)
✔ manual HTTP failures are infrastructure errors rather than compiler issues (564.922002ms)
✔ overlapping metadata refreshes cannot replace a newer header selection (522.50344ms)
✔ metadata refresh failure is visible without silently claiming an empty selection (481.972777ms)
✔ an unrelated first Monaco model never receives this editor's diagnostic markers (432.59889ms)
✔ malformed metadata rows are a visible failure without crashing the editor (427.696062ms)
✔ owner disposal unregisters every language provider (348.251199ms)
✔ refreshing unchanged headers invalidates pending checks and the mounted completion provider (417.865857ms)
✔ metadata deadlines end loading without losing the last selection and unmount aborts refresh (396.622851ms)
✔ late manual-check errors cannot erase a newer successful result (389.456536ms)
✔ normal manual compiler rejection remains issues and sends only source to the local check (381.387119ms)
✔ filter changes never commit previous-scope rows under the new selection (2403.509083ms)
✔ invalid saved custom dates fail visibly instead of crashing the event page (565.895357ms)
✔ rolling time windows retire expired visible rows even without new events (603.185358ms)
✔ export admission prevents same-turn duplicate downloads (573.089317ms)
✔ changed export filters abort the download and ignore its late response (639.976497ms)
✔ leaving the page aborts export and cannot trigger a late local download (670.843144ms)
✔ event exports reject unexpected response content instead of downloading an HTML error (646.455021ms)
✔ unconfirmed deletion bodies cannot clear visible history or restart its stream (738.053096ms)
✔ navigation cancels deletion waiting and obsolete success cannot refresh a new view (665.803175ms)
✔ failed read acknowledgements remain visible and do not silently retry on live events (682.218506ms)
✔ unread polling never overlaps a pending request and cancels it on page exit (517.562699ms)
✔ malformed unread counts show unavailable rather than a false zero or numeric badge (526.327268ms)
✔ export and unread/mark-read requests are private and reject redirects (550.233568ms)
✔ a successful JSON export keeps its exact filters, downloads once and releases its object URL (482.625356ms)
✔ CSV export has a safe format-bound filename and changing format cancels the previous export (551.123803ms)
✔ an export deadline covers a stalled body and returns control without a download or automatic retry (498.660728ms)
✔ returning to an earlier filter cannot resurrect an aborted export's busy state (536.137421ms)
✔ deletion has a complete waiting deadline and its failure never retries the mutation (515.479555ms)
✔ explicit deletion authorization rejection is not mislabeled as transport uncertainty (473.546487ms)
✔ confirmed deletion refreshes history and invalidates an older unread response (456.209214ms)
✔ pending read acknowledgement is single-flight and later live arrivals request one follow-up (347.359973ms)
✔ read acknowledgement failure requires a manual retry and an explicit true response (686.922466ms)
✔ leaving before acknowledgement debounce sends no mark-read mutation (920.542622ms)
✔ leaving with a pending acknowledgement aborts it and ignores a late success (974.470656ms)
✔ unread timeout is visible and a later nonoverlapping poll can recover (771.900085ms)
✔ refreshing the same history preserves its gap notice while a new filter gets a new scope (1199.202827ms)
✔ late snapshots and socket callbacks cannot replace a changed history filter (1005.543478ms)
✔ bounded history preserves repeated events and time ticks do not query or acknowledge repeatedly (1033.75604ms)
✔ changing filters cancels a pending read acknowledgement from the previous view (996.184081ms)
✔ changing filters before read debounce cannot acknowledge the obsolete snapshot (818.784996ms)
✔ run admission closes the same-turn duplicate dispatch gap (2204.161332ms)
✔ pre-cancelled confirmations never dispatch a kernel run (433.512103ms)
✔ unmount cancels a run and late completion starts no follow-up reads (488.724778ms)
✔ late run results cannot populate another lab after navigation (529.65113ms)
✔ editing a completed run's source hides its old result and explains retained kernel state (517.882591ms)
✔ slow attachment refresh cannot keep a completed run stuck in running state (511.552654ms)
✔ run transport failure is unconfirmed and reaches the confirmation failure path without retry (552.92968ms)
✔ a stalled runtime mutation is bounded including its response body (582.236576ms)
✔ UTF-8 oversized source never crosses the run boundary (605.267595ms)
✔ an old startup inventory cannot resurrect a pin after post-run refresh (505.067291ms)
✔ failed inventory refresh keeps the last list but cannot claim ready or empty success (514.590128ms)
✔ malformed attachment rows cannot crash the controller (498.704639ms)
✔ attachment reads have a deadline and cancel on unmount (537.228013ms)
✔ detach admission prevents duplicate mutations and simultaneous runs (473.644195ms)
✔ missing clean confirmation or unclean empty notes must not be successful cleanup (523.570447ms)
✔ verified detach retires the old result pin instead of leaving its quick action live (416.072766ms)
✔ late detach after navigation cannot rewrite a new run or clear its busy state (399.87171ms)
✔ malformed successful run bodies cannot be published as runtime results (395.442236ms)
✔ structured validation rejection remains a normal run report (392.575264ms)
✔ explicit authentication rejection is not mislabeled as an uncertain kernel mutation (356.27822ms)
✔ ordinary compiler rejection keeps the report and no automatic retry or detach (360.536735ms)
✔ source edits during a dispatched run discard its output but still reconcile owner inventory (359.58366ms)
✔ a cancelled old run cannot clear the new run's busy flag or replace its error (342.032964ms)
✔ inventory refresh remains latest-wins and aborts when leaving the editor (323.41952ms)
ℹ tests 112
ℹ suites 0
ℹ pass 112
ℹ fail 0
ℹ cancelled 0
ℹ skipped 0
ℹ todo 0
ℹ duration_ms 22447.105093
