✔ a new debug session never renders the previous session's hits, even before effects (1813.395996ms)
✔ clearing the debug session immediately removes old hits and gap state (539.507415ms)
✔ an Engine switch cannot render hits from a same-named session on the previous Engine (524.281169ms)
✔ snapshot hits accept only positive integral instrumented line numbers (515.659522ms)
✔ live hits reject other categories and non-instrumented lines (601.822308ms)
✔ changing the instrumented set invalidates the old subscription and pending snapshot (586.772592ms)
✔ event recovery snapshots are private credentialed reads that reject redirects (557.880904ms)
✔ malformed live frames leave a visible gap without manufacturing hits or reconnecting (558.687544ms)
✔ replacing the editor removes decorations from the old owning model (453.643066ms)
✔ late keyboard callbacks from a replaced editor cannot toggle the current editor's breakpoints (507.706961ms)
✔ out-of-model and fractional hit lines never create editor decorations (476.291071ms)
✔ model replacement retires the previous model's decorations and clamps current breakpoints (506.979181ms)
✔ editor disposal unregisters keyboard callbacks before the controller unmounts (497.161646ms)
✔ late disposal of a previous model cannot clear the replacement model's decorations (1104.637183ms)
✔ recovery retains its gap notice, filters sessions, and ignores old socket callbacks (737.680197ms)
✔ breakpoint view retains at most fifty hits while preserving repeated occurrences (712.858428ms)
✔ empty instrumented sets do not subscribe and canonical-equivalent sets do not reconnect (578.92931ms)
✔ snapshot timeout recovers but leaving the session cancels all retries and late results (507.177162ms)
✔ current-editor F9, gutter toggles and clearing keep valid hit decoration independent (437.59378ms)
✔ controller unmount clears its owning model even if the external editor reference changed (411.79417ms)
✔ cached diagnostics never cross Engine URLs (1791.725952ms)
✔ remounting an editor does not reuse the previous editor or account's cache (583.769256ms)
✔ source and header context use unambiguous cache identities (491.007934ms)
✔ equal-length sources with the same old 32-bit hash do not share diagnostics (462.00069ms)
✔ late success cannot replace current diagnostics or populate a stale cache (626.17849ms)
✔ late errors cannot erase the current diagnostics (555.440039ms)
✔ changing source removes old markers and status during debounce (530.562609ms)
✔ one editor's cancellation does not own another editor's request (525.789696ms)
✔ cancelled and expired remote jobs are unavailable even when they carry a result (534.020525ms)
✔ remote submission and a stalled poll each have a bounded 35-second total wait (597.747539ms)
✔ late remote submission after a target switch only cancels its job, without polling or fallback (525.087365ms)
✔ completed remote compiler results retain issue/note mapping and never trigger a local run (465.956987ms)
✔ same-editor cache reuse stops at the exact eight-second expiry (607.650069ms)
✔ cache retains at most 24 entries per editor (1490.272935ms)
✔ rapid edits, blank drafts and pre-debounce unmounts dispatch no obsolete checks (651.107002ms)
✔ failed checks are not cached and local requests cannot wait beyond 20 seconds (628.639274ms)
✔ completion providers never send another editor's model to their Engine (2223.451993ms)
✔ disposing a provider aborts pending completions and discards late items (667.160673ms)
✔ model edits and replacements invalidate completion callbacks even without token cancellation (555.273093ms)
✔ completion cache cannot survive provider/header-context replacement (576.618395ms)
✔ pre-cancelled completion tokens never return cached semantic suggestions (570.936902ms)
✔ separate completion providers do not share cancellation ownership (567.018142ms)
✔ completion network failures retain snippets without unhandled promise rejections (492.778251ms)
✔ stalled completion is aborted after ten seconds while static snippets remain available (548.904363ms)
✔ section snippets insert actual line breaks, not literal backslash-n text (531.359741ms)
✔ manual header checks discard late results after source changes (660.809943ms)
✔ duplicate manual-check calls dispatch only once (660.204482ms)
✔ manual header checks abort on unmount and have a complete-request deadline (1230.01063ms)
✔ manual HTTP failures are infrastructure errors rather than compiler issues (778.311854ms)
✔ overlapping metadata refreshes cannot replace a newer header selection (662.556857ms)
✔ metadata refresh failure is visible without silently claiming an empty selection (636.091169ms)
✔ an unrelated first Monaco model never receives this editor's diagnostic markers (563.005642ms)
✔ malformed metadata rows are a visible failure without crashing the editor (533.999148ms)
✔ owner disposal unregisters every language provider (442.355975ms)
✔ refreshing unchanged headers invalidates pending checks and the mounted completion provider (479.154999ms)
✔ metadata deadlines end loading without losing the last selection and unmount aborts refresh (478.278901ms)
✔ late manual-check errors cannot erase a newer successful result (409.386722ms)
✔ normal manual compiler rejection remains issues and sends only source to the local check (448.919411ms)
✔ run admission closes the same-turn duplicate dispatch gap (2254.822264ms)
✔ pre-cancelled confirmations never dispatch a kernel run (638.527736ms)
✔ unmount cancels a run and late completion starts no follow-up reads (569.633302ms)
✔ late run results cannot populate another lab after navigation (659.223733ms)
✔ editing a completed run's source hides its old result and explains retained kernel state (804.902985ms)
✔ slow attachment refresh cannot keep a completed run stuck in running state (587.683112ms)
✔ run transport failure is unconfirmed and reaches the confirmation failure path without retry (568.251498ms)
✔ a stalled runtime mutation is bounded including its response body (722.073918ms)
✔ UTF-8 oversized source never crosses the run boundary (741.895676ms)
✔ an old startup inventory cannot resurrect a pin after post-run refresh (631.390709ms)
✔ failed inventory refresh keeps the last list but cannot claim ready or empty success (1204.186ms)
✔ malformed attachment rows cannot crash the controller (656.28429ms)
✔ attachment reads have a deadline and cancel on unmount (694.789697ms)
✔ detach admission prevents duplicate mutations and simultaneous runs (639.143525ms)
✔ missing clean confirmation or unclean empty notes must not be successful cleanup (602.769041ms)
✔ verified detach retires the old result pin instead of leaving its quick action live (522.999827ms)
✔ late detach after navigation cannot rewrite a new run or clear its busy state (524.309708ms)
✔ malformed successful run bodies cannot be published as runtime results (450.354582ms)
✔ structured validation rejection remains a normal run report (494.095998ms)
✔ explicit authentication rejection is not mislabeled as an uncertain kernel mutation (449.257884ms)
✔ ordinary compiler rejection keeps the report and no automatic retry or detach (441.445357ms)
✔ source edits during a dispatched run discard its output but still reconcile owner inventory (392.51347ms)
✔ a cancelled old run cannot clear the new run's busy flag or replace its error (380.233902ms)
✔ inventory refresh remains latest-wins and aborts when leaving the editor (368.749007ms)
ℹ tests 82
ℹ suites 0
ℹ pass 82
ℹ fail 0
ℹ cancelled 0
ℹ skipped 0
ℹ todo 0
ℹ duration_ms 16225.219051
