File length limits passed.
Version metadata is synchronized at 0.3.8.
[course] committed frontend course copy matches docs.
Generated OpenAPI document is current (64 paths).
OpenAPI contract is synchronized at 0.3.8: 68 Engine operations, 63 SDK operations.
API compatibility passed against 0.3.0: 61 operations remain compatible with 0.3.8.
Generated SDK types are current (85 schemas).
Generated SDK operations are current (63 operations).
SDK public surface is compatible: 85 members, 8 additive.
✔ compatibility rejects removed operations and changed access tiers (4.843669ms)
✔ compatibility rejects request requirements and enum narrowing (0.722627ms)
✔ compatibility rejects weakened response guarantees (0.613622ms)
✔ compatibility permits additive operations and compatible object growth (10.610182ms)
✔ compatibility treats nullable input and output in opposite directions (0.849997ms)
✔ auth mutations document unconfirmed storage writes without weakening access or success schemas (13.836342ms)
✔ login and destructive event filters expose failure behavior without changing success contracts (3.521906ms)
✔ classroom endpoints preserve separate discovery, invitation and join trust boundaries (17.447746ms)
✔ launchers forward opt-in classroom config and explicitly build the frontend API address (4.795799ms)
✔ course documentation sync detects drift and replaces the generated tree (57.631101ms)
✔ Engine Docker context admits compile-time OpenAPI and migration assets (8.149188ms)
✔ Engine Docker builder copies compile-time assets before compiling (5.781651ms)
✔ frontend prebuild works with only its Docker context and committed course copy (311.862171ms)
✔ functional network enumerates default Next page extensions and excludes framework files (2.303197ms)
✔ functional network accepts a complete source snapshot (1.096279ms)
✔ functional network rejects missing, extra and duplicate operation ownership (0.597141ms)
✔ functional network rejects unknown graph, module and page targets (0.473299ms)
✔ functional network detects version, source, access, page and catalog drift (3.000206ms)
✔ functional network rejects stale counts and source references missing from manifest (0.391856ms)
✔ functional network rejects mismatched API back-references and duplicate IDs (0.255119ms)
✔ learning benchmark rotates configurations without dropping or duplicating any pair (2.879259ms)
✔ cold-load pairs retain all four fixtures and alternate across five rounds (2.259956ms)
✔ every learning benchmark configuration swaps its before/after order each round (0.597483ms)
✔ learning projections distinguish failed storage reads from empty success and remain private (9.802043ms)
✔ npm audit retains production scope, moderate threshold, and finite timeouts (1.837011ms)
✔ valid clean and below-threshold audit reports pass without retrying (0.605918ms)
✔ vulnerability reports fail immediately, including misleading transient error text (0.440418ms)
✔ network failures, rate limits, and server errors retry a fresh audit (1.792488ms)
✔ npm 9 message-only socket failures are recognized (0.345529ms)
✔ retired Quick fallback retries Bulk through npm without accepting the failed report (0.341401ms)
✔ persistent transient failures stop after three attempts and stay failed (1.097862ms)
✔ authentication, certificate, lockfile, and unknown errors never retry (0.764266ms)
✔ missing or malformed reports cannot pass even if npm exits zero (0.595669ms)
✔ process launch failures fail closed and timeouts remain bounded (0.604365ms)
✔ real npm CLI retries Bulk, including a retired Quick fallback when used (1516.957793ms)
✔ local and CI frontend/SDK audits share the same fail-closed wrapper (1.043239ms)
✔ extractEngineOperations handles chained Axum methods and multiline routes (2.391793ms)
✔ extractEngineAccess follows the Axum router trust tiers (10.189892ms)
✔ extractSdkOperations recognizes generic requests, downloads, and WebSockets (2.712135ms)
✔ OpenAPI operation extraction and comparison report exact drift (0.642047ms)
✔ Rust CI runs PostgreSQL acceptance against its disposable service and rejects an empty selection (15.450284ms)
✔ Rust CI promotes every auth boundary regression plus script/event persistence checks (2.240269ms)
✔ Rust CI exercises persisted authentication and duplicate registration on the disposable database (2.48625ms)
✔ release metadata records source, image references, and archive integrity (12.209927ms)
✔ release metadata rejects ambiguous or host-specific build inputs (1.637426ms)
✔ release expectations bind a candidate to its tag, commit, source state, and image mode (6.85084ms)
✔ release metadata CLI parses tag-bound verification expectations (0.726184ms)
✔ Git source inspection distinguishes clean, dirty, tagged, and unavailable trees (61.317216ms)
✔ packaged metadata verification binds JSON and image archive to checksums (5.300457ms)
✔ release argument parsing requires one explicit mode (1.608401ms)
✔ release snapshot validation reports every mismatched field and changelog requirement (1.795563ms)
✔ release preflight accepts a clean candidate and its annotated immutable tag (228.624087ms)
✔ user remote checks document bounded queue waiting without changing success or access (1.212749ms)
✔ Agent claim and sync retain signed authority and explain capacity and lost leases (0.312938ms)
✔ operation generation covers SDK transports and excludes signed Agent protocol (12.91979ms)
✔ rendered operations preserve required path, query, body, and response types (1.051946ms)
✔ operation generation rejects unsupported parameters and mismatched path templates (0.740621ms)
✔ client surface extraction keeps public methods and nested namespace paths (2.265015ms)
✔ client surface comparison rejects removals while reporting additive members (0.379733ms)
✔ client surface baseline rendering is sorted and deterministic (0.302568ms)
✔ schemaToType renders references, nullable unions, arrays, and maps (1.376125ms)
✔ renderSdkSchemaTypes emits a deterministic named schema map (0.446479ms)
✔ schemaToType rejects references outside component schemas (0.435609ms)
✔ the legacy admin API tier truthfully includes teacher deployment authority (7.39942ms)
✔ supported launchers pass explicit teacher and legacy administrator allowlists (2.765736ms)
ℹ tests 65
ℹ suites 0
ℹ pass 65
ℹ fail 0
ℹ cancelled 0
ℹ skipped 0
ℹ todo 0
ℹ duration_ms 1672.173861
Runner Agent management tool checks passed.
Distribution management tool checks passed.
Live kernel smoke tool checks passed.
Release candidate bundle verifier checks passed.
