   Compiling cyanrex-engine v0.3.9 (/home/chiharukiryu/cdev/cyanrex-lab/engine)
    Finished `test` profile [unoptimized + debuginfo] target(s) in 9.05s
     Running unittests src/lib.rs (engine/target/debug/deps/cyanrex_engine-c01bd6d40079956c)

running 4 tests
test services::event_bus::tests::retention::cancelled_replacement_never_splits_history_and_unread ... FAILED
test services::event_bus::tests::retention::cancelled_retention_update_never_splits_settings_history_and_unread ... FAILED
test services::event_bus::tests::retention::full_persistence_queue_latches_bounded_memory_fallback_instead_of_spawning_writers ... FAILED
test services::event_bus::tests::retention::replacement_rejects_foreign_owner_records_without_modifying_either_owner ... FAILED

failures:

---- services::event_bus::tests::retention::cancelled_replacement_never_splits_history_and_unread stdout ----

thread 'services::event_bus::tests::retention::cancelled_replacement_never_splits_history_and_unread' (1564379) panicked at src/services/event_bus/tests/retention.rs:35:5:
assertion `left == right` failed
  left: [99]
 right: [0, 1, 2, 3, 4, 5, 6, 7]
note: run with `RUST_BACKTRACE=1` environment variable to display a backtrace

---- services::event_bus::tests::retention::cancelled_retention_update_never_splits_settings_history_and_unread stdout ----

thread 'services::event_bus::tests::retention::cancelled_retention_update_never_splits_settings_history_and_unread' (1564380) panicked at src/services/event_bus/tests/retention.rs:17:5:
assertion `left == right` failed
  left: 50
 right: 100

---- services::event_bus::tests::retention::full_persistence_queue_latches_bounded_memory_fallback_instead_of_spawning_writers stdout ----

thread 'services::event_bus::tests::retention::full_persistence_queue_latches_bounded_memory_fallback_instead_of_spawning_writers' (1564381) panicked at src/services/event_bus/tests/retention.rs:62:5:
overflow must not dispatch an unbounded bypass writer

---- services::event_bus::tests::retention::replacement_rejects_foreign_owner_records_without_modifying_either_owner stdout ----

thread 'services::event_bus::tests::retention::replacement_rejects_foreign_owner_records_without_modifying_either_owner' (1564382) panicked at src/services/event_bus/tests/retention.rs:45:5:
assertion `left == right` failed
  left: [98, 99]
 right: [0, 1]


failures:
    services::event_bus::tests::retention::cancelled_replacement_never_splits_history_and_unread
    services::event_bus::tests::retention::cancelled_retention_update_never_splits_settings_history_and_unread
    services::event_bus::tests::retention::full_persistence_queue_latches_bounded_memory_fallback_instead_of_spawning_writers
    services::event_bus::tests::retention::replacement_rejects_foreign_owner_records_without_modifying_either_owner

test result: FAILED. 0 passed; 4 failed; 0 ignored; 0 measured; 180 filtered out; finished in 0.00s

error: test failed, to rerun pass `--lib`
Selected test process exit: 101
    Finished `test` profile [unoptimized + debuginfo] target(s) in 0.12s
     Running unittests src/lib.rs (engine/target/debug/deps/cyanrex_engine-c01bd6d40079956c)

running 5 tests
test services::event_bus::tests::persistence::postgres_deletion_cannot_be_undone_by_its_pending_publications ... FAILED
test services::event_bus::tests::persistence::postgres_deletion_invalidates_drop_new_capacity_cache ... FAILED
test services::event_bus::tests::persistence::postgres_failed_settings_update_preserves_memory_and_previous_policy ... FAILED
test services::event_bus::tests::persistence::postgres_mark_read_waits_for_previously_queued_events ... FAILED
test services::event_bus::tests::persistence::postgres_retention_update_cannot_be_overridden_by_queued_old_settings ... FAILED

failures:

---- services::event_bus::tests::persistence::postgres_deletion_cannot_be_undone_by_its_pending_publications stdout ----

thread 'services::event_bus::tests::persistence::postgres_deletion_cannot_be_undone_by_its_pending_publications' (1564386) panicked at src/services/event_bus/tests/persistence.rs:91:9:
assertion `left == right` failed: deleted rows must not be inserted later
  left: 0
 right: 2
note: run with `RUST_BACKTRACE=1` environment variable to display a backtrace

thread 'services::event_bus::tests::persistence::postgres_deletion_cannot_be_undone_by_its_pending_publications' (1564386) panicked at src/services/event_bus/tests/persistence.rs:56:13:
event boundary failed; owned schema was cleaned up: JoinError::Panic(Id(10), "assertion `left == right` failed: deleted rows must not be inserted later\n  left: 0\n right: 2", ...)

---- services::event_bus::tests::persistence::postgres_deletion_invalidates_drop_new_capacity_cache stdout ----

thread 'services::event_bus::tests::persistence::postgres_deletion_invalidates_drop_new_capacity_cache' (1564390) panicked at src/services/event_bus/tests/persistence.rs:145:9:
assertion `left == right` failed: freed capacity must be usable immediately
  left: Some(50)
 right: None

thread 'services::event_bus::tests::persistence::postgres_deletion_invalidates_drop_new_capacity_cache' (1564390) panicked at src/services/event_bus/tests/persistence.rs:56:13:
event boundary failed; owned schema was cleaned up: JoinError::Panic(Id(27), "assertion `left == right` failed: freed capacity must be usable immediately\n  left: Some(50)\n right: None", ...)

---- services::event_bus::tests::persistence::postgres_failed_settings_update_preserves_memory_and_previous_policy stdout ----

thread 'services::event_bus::tests::persistence::postgres_failed_settings_update_preserves_memory_and_previous_policy' (1564394) panicked at src/services/event_bus/tests/persistence.rs:128:9:
assertion `left == right` failed
  left: 50
 right: 100

thread 'services::event_bus::tests::persistence::postgres_failed_settings_update_preserves_memory_and_previous_policy' (1564394) panicked at src/services/event_bus/tests/persistence.rs:56:13:
event boundary failed; owned schema was cleaned up: JoinError::Panic(Id(40), "assertion `left == right` failed\n  left: 50\n right: 100", ...)

---- services::event_bus::tests::persistence::postgres_mark_read_waits_for_previously_queued_events stdout ----

thread 'services::event_bus::tests::persistence::postgres_mark_read_waits_for_previously_queued_events' (1564398) panicked at src/services/event_bus/tests/persistence.rs:71:9:
assertion `left == right` failed
  left: 0
 right: 4

thread 'services::event_bus::tests::persistence::postgres_mark_read_waits_for_previously_queued_events' (1564398) panicked at src/services/event_bus/tests/persistence.rs:56:13:
event boundary failed; owned schema was cleaned up: JoinError::Panic(Id(54), "assertion `left == right` failed\n  left: 0\n right: 4", ...)

---- services::event_bus::tests::persistence::postgres_retention_update_cannot_be_overridden_by_queued_old_settings stdout ----

thread 'services::event_bus::tests::persistence::postgres_retention_update_cannot_be_overridden_by_queued_old_settings' (1564406) panicked at src/services/event_bus/tests/persistence.rs:109:9:
assertion `left == right` failed: old policy must finish before the new trim
  left: 0
 right: 50

thread 'services::event_bus::tests::persistence::postgres_retention_update_cannot_be_overridden_by_queued_old_settings' (1564406) panicked at src/services/event_bus/tests/persistence.rs:56:13:
event boundary failed; owned schema was cleaned up: JoinError::Panic(Id(71), "assertion `left == right` failed: old policy must finish before the new trim\n  left: 0\n right: 50", ...)


failures:
    services::event_bus::tests::persistence::postgres_deletion_cannot_be_undone_by_its_pending_publications
    services::event_bus::tests::persistence::postgres_deletion_invalidates_drop_new_capacity_cache
    services::event_bus::tests::persistence::postgres_failed_settings_update_preserves_memory_and_previous_policy
    services::event_bus::tests::persistence::postgres_mark_read_waits_for_previously_queued_events
    services::event_bus::tests::persistence::postgres_retention_update_cannot_be_overridden_by_queued_old_settings

test result: FAILED. 0 passed; 5 failed; 0 ignored; 0 measured; 179 filtered out; finished in 0.88s

error: test failed, to rerun pass `--lib`
Selected test process exit: 101
