✔ cached diagnostics never cross Engine URLs (1491.095934ms)
✔ remounting an editor does not reuse the previous editor or account's cache (320.265314ms)
✔ source and header context use unambiguous cache identities (299.222318ms)
✔ equal-length sources with the same old 32-bit hash do not share diagnostics (292.520853ms)
✔ late success cannot replace current diagnostics or populate a stale cache (331.07681ms)
✔ late errors cannot erase the current diagnostics (357.732738ms)
✔ changing source removes old markers and status during debounce (364.250785ms)
✔ one editor's cancellation does not own another editor's request (366.347953ms)
✔ cancelled and expired remote jobs are unavailable even when they carry a result (395.786632ms)
✔ remote submission and a stalled poll each have a bounded 35-second total wait (379.008784ms)
✔ late remote submission after a target switch only cancels its job, without polling or fallback (357.820459ms)
✔ completed remote compiler results retain issue/note mapping and never trigger a local run (334.093882ms)
✔ same-editor cache reuse stops at the exact eight-second expiry (406.788068ms)
✔ cache retains at most 24 entries per editor (463.688237ms)
✔ rapid edits, blank drafts and pre-debounce unmounts dispatch no obsolete checks (318.735718ms)
✔ failed checks are not cached and local requests cannot wait beyond 20 seconds (302.666934ms)
✔ completion providers never send another editor's model to their Engine (1789.268978ms)
✔ disposing a provider aborts pending completions and discards late items (393.367358ms)
✔ model edits and replacements invalidate completion callbacks even without token cancellation (379.927549ms)
✔ completion cache cannot survive provider/header-context replacement (368.32043ms)
✔ pre-cancelled completion tokens never return cached semantic suggestions (385.851299ms)
✔ separate completion providers do not share cancellation ownership (381.862035ms)
✔ completion network failures retain snippets without unhandled promise rejections (382.349818ms)
✔ stalled completion is aborted after ten seconds while static snippets remain available (381.577092ms)
✔ section snippets insert actual line breaks, not literal backslash-n text (405.396303ms)
✔ manual header checks discard late results after source changes (420.338478ms)
✔ duplicate manual-check calls dispatch only once (508.324581ms)
✔ manual header checks abort on unmount and have a complete-request deadline (401.056886ms)
✔ manual HTTP failures are infrastructure errors rather than compiler issues (386.350281ms)
✔ overlapping metadata refreshes cannot replace a newer header selection (362.636072ms)
✔ metadata refresh failure is visible without silently claiming an empty selection (327.030784ms)
✔ an unrelated first Monaco model never receives this editor's diagnostic markers (306.478537ms)
✔ malformed metadata rows are a visible failure without crashing the editor (327.092569ms)
✔ owner disposal unregisters every language provider (284.052635ms)
✔ refreshing unchanged headers invalidates pending checks and the mounted completion provider (341.359858ms)
✔ metadata deadlines end loading without losing the last selection and unmount aborts refresh (336.525612ms)
✔ late manual-check errors cannot erase a newer successful result (332.937539ms)
✔ normal manual compiler rejection remains issues and sends only source to the local check (327.043887ms)
✔ run admission closes the same-turn duplicate dispatch gap (1860.469601ms)
✔ pre-cancelled confirmations never dispatch a kernel run (417.641095ms)
✔ unmount cancels a run and late completion starts no follow-up reads (414.1568ms)
✔ late run results cannot populate another lab after navigation (475.428685ms)
✔ editing a completed run's source hides its old result and explains retained kernel state (460.99165ms)
✔ slow attachment refresh cannot keep a completed run stuck in running state (435.383788ms)
✔ run transport failure is unconfirmed and reaches the confirmation failure path without retry (425.505767ms)
✔ a stalled runtime mutation is bounded including its response body (525.574293ms)
✔ UTF-8 oversized source never crosses the run boundary (582.341654ms)
✔ an old startup inventory cannot resurrect a pin after post-run refresh (409.873001ms)
✔ failed inventory refresh keeps the last list but cannot claim ready or empty success (382.172254ms)
✔ malformed attachment rows cannot crash the controller (362.665889ms)
✔ attachment reads have a deadline and cancel on unmount (350.144608ms)
✔ detach admission prevents duplicate mutations and simultaneous runs (321.558787ms)
✔ missing clean confirmation or unclean empty notes must not be successful cleanup (341.777735ms)
✔ verified detach retires the old result pin instead of leaving its quick action live (329.866104ms)
✔ late detach after navigation cannot rewrite a new run or clear its busy state (323.10066ms)
✔ malformed successful run bodies cannot be published as runtime results (312.891257ms)
✔ structured validation rejection remains a normal run report (317.734722ms)
✔ explicit authentication rejection is not mislabeled as an uncertain kernel mutation (327.5589ms)
✔ ordinary compiler rejection keeps the report and no automatic retry or detach (317.72978ms)
✔ source edits during a dispatched run discard its output but still reconcile owner inventory (301.747518ms)
✔ a cancelled old run cannot clear the new run's busy flag or replace its error (300.093145ms)
✔ inventory refresh remains latest-wins and aborts when leaving the editor (303.977764ms)
ℹ tests 62
ℹ suites 0
ℹ pass 62
ℹ fail 0
ℹ cancelled 0
ℹ skipped 0
ℹ todo 0
ℹ duration_ms 10781.234297
