(node:1281151) [MODULE_TYPELESS_PACKAGE_JSON] Warning: Module type of file:///home/chiharukiryu/cdev/cyanrex-lab/frontend/src/features/ebpf/detachTarget.ts is not specified and it doesn't parse as CommonJS.
Reparsing as ES module because module syntax was detected. This incurs a performance overhead.
To eliminate this warning, add "type": "module" to /home/chiharukiryu/cdev/cyanrex-lab/frontend/package.json.
(Use `node --trace-warnings ...` to show where the warning was created)
✔ only an explicit null can select detach-all; missing or blank targets fail closed (2.031307ms)
✔ event deletion freezes an absolute upper bound and never uses the visible list limit (0.873731ms)
✔ custom deletion keeps an earlier end, caps future ranges and rejects malformed scopes (0.446093ms)
(node:1281152) [MODULE_TYPELESS_PACKAGE_JSON] Warning: Module type of file:///home/chiharukiryu/cdev/cyanrex-lab/frontend/src/utils/authSession.ts is not specified and it doesn't parse as CommonJS.
Reparsing as ES module because module syntax was detected. This incurs a performance overhead.
To eliminate this warning, add "type": "module" to /home/chiharukiryu/cdev/cyanrex-lab/frontend/package.json.
(Use `node --trace-warnings ...` to show where the warning was created)
✔ logout requires an explicit successful response and uses private non-redirecting transport (37.453904ms)
✔ logout propagates network failure without retrying (0.801318ms)
✔ logout combines navigation cancellation with a bounded request deadline (1.072607ms)
(node:1281158) [MODULE_TYPELESS_PACKAGE_JSON] Warning: Module type of file:///home/chiharukiryu/cdev/cyanrex-lab/frontend/src/features/classroom/connection.js is not specified and it doesn't parse as CommonJS.
Reparsing as ES module because module syntax was detected. This incurs a performance overhead.
To eliminate this warning, add "type": "module" to /home/chiharukiryu/cdev/cyanrex-lab/frontend/package.json.
(Use `node --trace-warnings ...` to show where the warning was created)
✔ classroom invitation fragments are strictly parsed without accepting query/redirect overrides (2.682142ms)
✔ classroom discovery is data, not a redirect or authority to switch API origins (1.226198ms)
✔ join compatibility uses protocol and required capability, never matching patch strings (0.389246ms)
✔ cleanMacosMetadata removes Finder sidecars without touching source files (13.082958ms)
(node:1281165) [MODULE_TYPELESS_PACKAGE_JSON] Warning: Module type of file:///home/chiharukiryu/cdev/cyanrex-lab/frontend/src/features/ebpf/compilerCheck.ts is not specified and it doesn't parse as CommonJS.
Reparsing as ES module because module syntax was detected. This incurs a performance overhead.
To eliminate this warning, add "type": "module" to /home/chiharukiryu/cdev/cyanrex-lab/frontend/package.json.
(Use `node --trace-warnings ...` to show where the warning was created)
✔ local check uses private, non-redirecting credentialed transport without running code (32.413782ms)
✔ authentication, capacity and network errors never retry or fall back from an Agent (2.748718ms)
✔ pre-cancelled work dispatches no request (0.648278ms)
✔ local deadline also aborts a stalled JSON body after successful headers (2.007588ms)
✔ remote submission has a deadline even before a job ID is known (0.472089ms)
✔ remote submission and stalled polling share one deadline and cancel only the known job (4.647144ms)
✔ nonterminal remote responses wait 500 ms and do not accept a premature result (1.241664ms)
✔ cancellation between polls stops the delay and sends exactly one private cancellation (0.844425ms)
✔ cancelled/expired jobs are not compiler reports and known terminal jobs are not cancelled again (0.860913ms)
✔ compiler rejection remains a normal report, not an infrastructure failure (0.742394ms)
✔ malformed JSON and missing remote job IDs fail without caching or a fabricated cancellation (0.951561ms)
(node:1281171) [MODULE_TYPELESS_PACKAGE_JSON] Warning: Module type of file:///home/chiharukiryu/cdev/cyanrex-lab/frontend/src/features/events/eventStream.ts is not specified and it doesn't parse as CommonJS.
Reparsing as ES module because module syntax was detected. This incurs a performance overhead.
To eliminate this warning, add "type": "module" to /home/chiharukiryu/cdev/cyanrex-lab/frontend/package.json.
(Use `node --trace-warnings ...` to show where the warning was created)
✔ subscribes before snapshot and merges in-flight rows without erasing live data (3.731961ms)
✔ snapshot merging keeps repeated identical events and insertion order (0.465881ms)
✔ frames already present in a snapshot may arrive after the HTTP response without duplication (0.601139ms)
✔ lag triggers a gap notice, backoff, and a fresh snapshot on reconnect (2.215559ms)
✔ old connection callbacks and late aborted snapshots cannot overwrite a new generation (0.571341ms)
✔ snapshot buffer overflow is visible and bounded, including under a sustained burst (17.911207ms)
✔ filtering applies to both snapshot and live rows before consuming the bounded buffer (1.938104ms)
✔ failed snapshot never reports open; retries do not overlap and stop on HTTP auth failure (0.563398ms)
✔ handshake and snapshot deadlines cancel stalled work (0.465028ms)
✔ repeated rapid disconnects back off to at most 30s instead of resetting at each handshake (0.969011ms)
✔ malformed frames and cleanup cannot mutate state or leave timers/requests alive (0.304938ms)
✔ disposal during snapshot aborts it; a new filter controller does not inherit its data (0.330412ms)
✔ an invalid snapshot retries; policy closure is terminal; limit one remains bounded (0.346791ms)
(node:1281172) [MODULE_TYPELESS_PACKAGE_JSON] Warning: Module type of file:///home/chiharukiryu/cdev/cyanrex-lab/frontend/src/features/learning/resumeAttempt.ts is not specified and it doesn't parse as CommonJS.
Reparsing as ES module because module syntax was detected. This incurs a performance overhead.
To eliminate this warning, add "type": "module" to /home/chiharukiryu/cdev/cyanrex-lab/frontend/package.json.
(Use `node --trace-warnings ...` to show where the warning was created)
✔ resume links carry only the lab and attempt identifiers, not submitted source or usernames (0.773697ms)
✔ resume targets distinguish absent, valid and malformed queries (0.97202ms)
✔ resume reads one owner-bound attempt with credentials, no-store and cancellation (34.877994ms)
✔ resume rejects missing, cross-lab, mismatched and oversized records without applying them (7.529005ms)
✔ an aborted resume discards even a late successful response (0.577981ms)
(node:1281179) [MODULE_TYPELESS_PACKAGE_JSON] Warning: Module type of file:///home/chiharukiryu/cdev/cyanrex-lab/frontend/src/features/settings/hotspots.ts is not specified and it doesn't parse as CommonJS.
Reparsing as ES module because module syntax was detected. This incurs a performance overhead.
To eliminate this warning, add "type": "module" to /home/chiharukiryu/cdev/cyanrex-lab/frontend/package.json.
(Use `node --trace-warnings ...` to show where the warning was created)
✔ zero-sample metrics are safe instead of false critical hotspots (2.18495ms)
✔ real low cache-hit samples remain critical (0.332408ms)
(node:1281184) [MODULE_TYPELESS_PACKAGE_JSON] Warning: Module type of file:///home/chiharukiryu/cdev/cyanrex-lab/frontend/src/features/ebpf/runtimeRequest.ts is not specified and it doesn't parse as CommonJS.
Reparsing as ES module because module syntax was detected. This incurs a performance overhead.
To eliminate this warning, add "type": "module" to /home/chiharukiryu/cdev/cyanrex-lab/frontend/package.json.
(Use `node --trace-warnings ...` to show where the warning was created)
✔ runtime mutations use one private non-redirecting credentialed POST without adding authority (31.22378ms)
✔ attachment reconciliation is a private GET, never an implicit detach (0.712847ms)
✔ a pre-cancelled runtime request never calls fetch (0.760689ms)
✔ runtime deadline covers a hung JSON body and releases its parent listener (1.005739ms)
✔ navigation aborts an active request but cannot publish an abort-ignoring late body (0.736106ms)
✔ completed runtime reads release their deadline and cancellation linkage (0.575092ms)
✔ HTTP, network and malformed-body failures do not retry a runtime mutation (4.124728ms)
✔ normal compiler rejection and valid debug records retain their result fields (0.277326ms)
✔ malformed run and nested debug fields cannot reach result rendering (0.271669ms)
✔ detach parsing never fabricates clean or changes explicit warning fields (0.283936ms)
✔ only a valid distinct inventory may be reported as ready, including a real empty result (0.268701ms)
✔ CSP permits the configured Engine origin (3.514532ms)
✔ invalid or non-http Engine URLs fall back without injecting CSP (0.404571ms)
(node:1281209) [MODULE_TYPELESS_PACKAGE_JSON] Warning: Module type of file:///home/chiharukiryu/cdev/cyanrex-lab/frontend/src/utils/semanticCompletion.ts is not specified and it doesn't parse as CommonJS.
Reparsing as ES module because module syntax was detected. This incurs a performance overhead.
To eliminate this warning, add "type": "module" to /home/chiharukiryu/cdev/cyanrex-lab/frontend/package.json.
(Use `node --trace-warnings ...` to show where the warning was created)
✔ semantic request stays local and sends only source/cursor with private transport (34.672239ms)
✔ completion cache expires exactly at five seconds and respects cursor/source identity (1.974029ms)
✔ completion cache remains bounded to eighteen entries (5.317297ms)
✔ foreign, disposed and pre-cancelled models dispatch nothing (0.528946ms)
✔ empty and UTF-8 oversized source remains snippet-only without dispatch (1.212929ms)
✔ superseded cursor requests discard even already-delivered responses (0.967858ms)
✔ owner disposal aborts active work and releases listeners without publishing a late result (0.596004ms)
✔ model replacement invalidates pending work and all model-local cache reuse (0.830414ms)
✔ a stalled semantic JSON body has a ten-second whole-request deadline (0.677283ms)
✔ network/HTTP failures never retry or poison semantic cache (1.048034ms)
✔ malformed semantic payloads remain snippet-only instead of escaping into providers (2.102838ms)
(node:1281220) [MODULE_TYPELESS_PACKAGE_JSON] Warning: Module type of file:///home/chiharukiryu/cdev/cyanrex-lab/frontend/src/utils/sidebarPermissions.js is not specified and it doesn't parse as CommonJS.
Reparsing as ES module because module syntax was detected. This incurs a performance overhead.
To eliminate this warning, add "type": "module" to /home/chiharukiryu/cdev/cyanrex-lab/frontend/package.json.
(Use `node --trace-warnings ...` to show where the warning was created)
✔ normalizeAuthRole accepts only supported roles (1.462293ms)
✔ getRequiredRolesForRoute returns route-specific role policies (1.099315ms)
✔ isRoleAllowed handles allowlists and unauthenticated role (0.259915ms)
✔ isRouteAllowed enforces route policy end-to-end (2.199913ms)
✔ filterNavItemsByRole only shows modules/settings per role (0.313573ms)
✔ deployment management belongs to teachers with legacy admin compatibility, never unknown roles (0.253105ms)
(node:1281229) [MODULE_TYPELESS_PACKAGE_JSON] Warning: Module type of file:///home/chiharukiryu/cdev/cyanrex-lab/frontend/src/features/learning/teacherReview.ts is not specified and it doesn't parse as CommonJS.
Reparsing as ES module because module syntax was detected. This incurs a performance overhead.
To eliminate this warning, add "type": "module" to /home/chiharukiryu/cdev/cyanrex-lab/frontend/package.json.
(Use `node --trace-warnings ...` to show where the warning was created)
✔ teacher review URL encodes the student and uses the bounded default (1.176763ms)
✔ teacher feedback request binds the attempt and the displayed revision (0.908514ms)
✔ teacher feedback rejects empty and oversized comments but accepts Unicode (0.589003ms)
✔ teacher review URL clamps requested history size (0.372977ms)
(node:1281239) [MODULE_TYPELESS_PACKAGE_JSON] Warning: Module type of file:///home/chiharukiryu/cdev/cyanrex-lab/frontend/src/features/terminal/command.ts is not specified and it doesn't parse as CommonJS.
Reparsing as ES module because module syntax was detected. This incurs a performance overhead.
To eliminate this warning, add "type": "module" to /home/chiharukiryu/cdev/cyanrex-lab/frontend/package.json.
(Use `node --trace-warnings ...` to show where the warning was created)
✔ module lifecycle commands require a normalized module name (2.325714ms)
✔ command responses have a stable human-readable summary (0.302811ms)
ℹ tests 77
ℹ suites 0
ℹ pass 77
ℹ fail 0
ℹ cancelled 0
ℹ skipped 0
ℹ todo 0
ℹ duration_ms 213.313216
