(node:1349544) [MODULE_TYPELESS_PACKAGE_JSON] Warning: Module type of file:///home/chiharukiryu/cdev/cyanrex-lab/frontend/src/features/ebpf/detachTarget.ts is not specified and it doesn't parse as CommonJS.
Reparsing as ES module because module syntax was detected. This incurs a performance overhead.
To eliminate this warning, add "type": "module" to /home/chiharukiryu/cdev/cyanrex-lab/frontend/package.json.
(Use `node --trace-warnings ...` to show where the warning was created)
✔ only an explicit null can select detach-all; missing or blank targets fail closed (1.787859ms)
✔ event deletion freezes an absolute upper bound and never uses the visible list limit (0.742957ms)
✔ custom deletion keeps an earlier end, caps future ranges and rejects malformed scopes (0.321775ms)
(node:1349545) [MODULE_TYPELESS_PACKAGE_JSON] Warning: Module type of file:///home/chiharukiryu/cdev/cyanrex-lab/frontend/src/utils/authSession.ts is not specified and it doesn't parse as CommonJS.
Reparsing as ES module because module syntax was detected. This incurs a performance overhead.
To eliminate this warning, add "type": "module" to /home/chiharukiryu/cdev/cyanrex-lab/frontend/package.json.
(Use `node --trace-warnings ...` to show where the warning was created)
✔ logout requires an explicit successful response and uses private non-redirecting transport (54.052389ms)
✔ logout propagates network failure without retrying (0.692988ms)
✔ logout combines navigation cancellation with a bounded request deadline (1.605038ms)
(node:1349551) [MODULE_TYPELESS_PACKAGE_JSON] Warning: Module type of file:///home/chiharukiryu/cdev/cyanrex-lab/frontend/src/features/classroom/connection.js is not specified and it doesn't parse as CommonJS.
Reparsing as ES module because module syntax was detected. This incurs a performance overhead.
To eliminate this warning, add "type": "module" to /home/chiharukiryu/cdev/cyanrex-lab/frontend/package.json.
(Use `node --trace-warnings ...` to show where the warning was created)
✔ classroom invitation fragments are strictly parsed without accepting query/redirect overrides (11.38895ms)
✔ classroom discovery is data, not a redirect or authority to switch API origins (1.0232ms)
✔ join compatibility uses protocol and required capability, never matching patch strings (0.51198ms)
✔ cleanMacosMetadata removes Finder sidecars without touching source files (26.105867ms)
(node:1349563) [MODULE_TYPELESS_PACKAGE_JSON] Warning: Module type of file:///home/chiharukiryu/cdev/cyanrex-lab/frontend/src/features/ebpf/compilerCheck.ts is not specified and it doesn't parse as CommonJS.
Reparsing as ES module because module syntax was detected. This incurs a performance overhead.
To eliminate this warning, add "type": "module" to /home/chiharukiryu/cdev/cyanrex-lab/frontend/package.json.
(Use `node --trace-warnings ...` to show where the warning was created)
✔ local check uses private, non-redirecting credentialed transport without running code (66.839407ms)
✔ authentication, capacity and network errors never retry or fall back from an Agent (2.776561ms)
✔ pre-cancelled work dispatches no request (0.62818ms)
✔ local deadline also aborts a stalled JSON body after successful headers (0.808196ms)
✔ remote submission has a deadline even before a job ID is known (1.184317ms)
✔ remote submission and stalled polling share one deadline and cancel only the known job (1.944558ms)
✔ nonterminal remote responses wait 500 ms and do not accept a premature result (1.935771ms)
✔ cancellation between polls stops the delay and sends exactly one private cancellation (1.270447ms)
✔ cancelled/expired jobs are not compiler reports and known terminal jobs are not cancelled again (1.071635ms)
✔ compiler rejection remains a normal report, not an infrastructure failure (0.711505ms)
✔ malformed JSON and missing remote job IDs fail without caching or a fabricated cancellation (0.814829ms)
(node:1349564) [MODULE_TYPELESS_PACKAGE_JSON] Warning: Module type of file:///home/chiharukiryu/cdev/cyanrex-lab/frontend/src/features/events/eventStream.ts is not specified and it doesn't parse as CommonJS.
Reparsing as ES module because module syntax was detected. This incurs a performance overhead.
To eliminate this warning, add "type": "module" to /home/chiharukiryu/cdev/cyanrex-lab/frontend/package.json.
(Use `node --trace-warnings ...` to show where the warning was created)
✔ subscribes before snapshot and merges in-flight rows without erasing live data (3.703721ms)
✔ snapshot merging keeps repeated identical events and insertion order (0.731133ms)
✔ frames already present in a snapshot may arrive after the HTTP response without duplication (1.574087ms)
✔ lag triggers a gap notice, backoff, and a fresh snapshot on reconnect (1.03814ms)
✔ old connection callbacks and late aborted snapshots cannot overwrite a new generation (0.489026ms)
✔ snapshot buffer overflow is visible and bounded, including under a sustained burst (19.764692ms)
✔ filtering applies to both snapshot and live rows before consuming the bounded buffer (1.278203ms)
✔ failed snapshot never reports open; retries do not overlap and stop on HTTP auth failure (1.294505ms)
✔ handshake and snapshot deadlines cancel stalled work (0.364119ms)
✔ repeated rapid disconnects back off to at most 30s instead of resetting at each handshake (1.11484ms)
✔ malformed frames and cleanup cannot mutate state or leave timers/requests alive (0.305413ms)
✔ disposal during snapshot aborts it; a new filter controller does not inherit its data (0.325853ms)
✔ an invalid snapshot retries; policy closure is terminal; limit one remains bounded (0.290243ms)
✔ malformed live input marks a gap without retrying or discarding valid recent rows (0.555276ms)
✔ valid filtered-out frames are not misreported as data gaps (0.181849ms)
✔ explicit forbidden snapshots stop retries just like unauthorized snapshots (0.189083ms)
✔ backoff resets only after a thirty-second stable live period (0.288609ms)
(node:1349572) [MODULE_TYPELESS_PACKAGE_JSON] Warning: Module type of file:///home/chiharukiryu/cdev/cyanrex-lab/frontend/src/features/learning/resumeAttempt.ts is not specified and it doesn't parse as CommonJS.
Reparsing as ES module because module syntax was detected. This incurs a performance overhead.
To eliminate this warning, add "type": "module" to /home/chiharukiryu/cdev/cyanrex-lab/frontend/package.json.
(Use `node --trace-warnings ...` to show where the warning was created)
✔ resume links carry only the lab and attempt identifiers, not submitted source or usernames (1.977383ms)
✔ resume targets distinguish absent, valid and malformed queries (1.366577ms)
✔ resume reads one owner-bound attempt with credentials, no-store and cancellation (31.73047ms)
✔ resume rejects missing, cross-lab, mismatched and oversized records without applying them (8.750362ms)
✔ an aborted resume discards even a late successful response (0.691195ms)
(node:1349578) [MODULE_TYPELESS_PACKAGE_JSON] Warning: Module type of file:///home/chiharukiryu/cdev/cyanrex-lab/frontend/src/features/settings/hotspots.ts is not specified and it doesn't parse as CommonJS.
Reparsing as ES module because module syntax was detected. This incurs a performance overhead.
To eliminate this warning, add "type": "module" to /home/chiharukiryu/cdev/cyanrex-lab/frontend/package.json.
(Use `node --trace-warnings ...` to show where the warning was created)
✔ zero-sample metrics are safe instead of false critical hotspots (4.703343ms)
✔ real low cache-hit samples remain critical (0.388597ms)
(node:1349585) [MODULE_TYPELESS_PACKAGE_JSON] Warning: Module type of file:///home/chiharukiryu/cdev/cyanrex-lab/frontend/src/features/ebpf/runtimeRequest.ts is not specified and it doesn't parse as CommonJS.
Reparsing as ES module because module syntax was detected. This incurs a performance overhead.
To eliminate this warning, add "type": "module" to /home/chiharukiryu/cdev/cyanrex-lab/frontend/package.json.
(Use `node --trace-warnings ...` to show where the warning was created)
✔ runtime mutations use one private non-redirecting credentialed POST without adding authority (50.35948ms)
✔ attachment reconciliation is a private GET, never an implicit detach (0.90191ms)
✔ a pre-cancelled runtime request never calls fetch (0.936028ms)
✔ runtime deadline covers a hung JSON body and releases its parent listener (1.385886ms)
✔ navigation aborts an active request but cannot publish an abort-ignoring late body (1.030053ms)
✔ completed runtime reads release their deadline and cancellation linkage (0.753978ms)
✔ HTTP, network and malformed-body failures do not retry a runtime mutation (5.889535ms)
✔ normal compiler rejection and valid debug records retain their result fields (0.417384ms)
✔ malformed run and nested debug fields cannot reach result rendering (0.356142ms)
✔ detach parsing never fabricates clean or changes explicit warning fields (0.416542ms)
✔ only a valid distinct inventory may be reported as ready, including a real empty result (0.365893ms)
✔ CSP permits the configured Engine origin (7.956385ms)
✔ invalid or non-http Engine URLs fall back without injecting CSP (0.399548ms)
(node:1349603) [MODULE_TYPELESS_PACKAGE_JSON] Warning: Module type of file:///home/chiharukiryu/cdev/cyanrex-lab/frontend/src/utils/semanticCompletion.ts is not specified and it doesn't parse as CommonJS.
Reparsing as ES module because module syntax was detected. This incurs a performance overhead.
To eliminate this warning, add "type": "module" to /home/chiharukiryu/cdev/cyanrex-lab/frontend/package.json.
(Use `node --trace-warnings ...` to show where the warning was created)
✔ semantic request stays local and sends only source/cursor with private transport (35.565499ms)
✔ completion cache expires exactly at five seconds and respects cursor/source identity (1.835333ms)
✔ completion cache remains bounded to eighteen entries (6.08952ms)
✔ foreign, disposed and pre-cancelled models dispatch nothing (0.650614ms)
✔ empty and UTF-8 oversized source remains snippet-only without dispatch (1.271319ms)
✔ superseded cursor requests discard even already-delivered responses (1.131293ms)
✔ owner disposal aborts active work and releases listeners without publishing a late result (0.771353ms)
✔ model replacement invalidates pending work and all model-local cache reuse (1.156463ms)
✔ a stalled semantic JSON body has a ten-second whole-request deadline (1.609217ms)
✔ network/HTTP failures never retry or poison semantic cache (1.728412ms)
✔ malformed semantic payloads remain snippet-only instead of escaping into providers (2.793173ms)
(node:1349606) [MODULE_TYPELESS_PACKAGE_JSON] Warning: Module type of file:///home/chiharukiryu/cdev/cyanrex-lab/frontend/src/utils/sidebarPermissions.js is not specified and it doesn't parse as CommonJS.
Reparsing as ES module because module syntax was detected. This incurs a performance overhead.
To eliminate this warning, add "type": "module" to /home/chiharukiryu/cdev/cyanrex-lab/frontend/package.json.
(Use `node --trace-warnings ...` to show where the warning was created)
✔ normalizeAuthRole accepts only supported roles (1.493027ms)
✔ getRequiredRolesForRoute returns route-specific role policies (1.314504ms)
✔ isRoleAllowed handles allowlists and unauthenticated role (0.286155ms)
✔ isRouteAllowed enforces route policy end-to-end (5.079626ms)
✔ filterNavItemsByRole only shows modules/settings per role (0.391863ms)
✔ deployment management belongs to teachers with legacy admin compatibility, never unknown roles (0.270524ms)
(node:1349607) [MODULE_TYPELESS_PACKAGE_JSON] Warning: Module type of file:///home/chiharukiryu/cdev/cyanrex-lab/frontend/src/features/learning/teacherReview.ts is not specified and it doesn't parse as CommonJS.
Reparsing as ES module because module syntax was detected. This incurs a performance overhead.
To eliminate this warning, add "type": "module" to /home/chiharukiryu/cdev/cyanrex-lab/frontend/package.json.
(Use `node --trace-warnings ...` to show where the warning was created)
✔ teacher review URL encodes the student and uses the bounded default (1.01341ms)
✔ teacher feedback request binds the attempt and the displayed revision (0.969493ms)
✔ teacher feedback rejects empty and oversized comments but accepts Unicode (0.57731ms)
✔ teacher review URL clamps requested history size (0.495408ms)
(node:1349616) [MODULE_TYPELESS_PACKAGE_JSON] Warning: Module type of file:///home/chiharukiryu/cdev/cyanrex-lab/frontend/src/features/terminal/command.ts is not specified and it doesn't parse as CommonJS.
Reparsing as ES module because module syntax was detected. This incurs a performance overhead.
To eliminate this warning, add "type": "module" to /home/chiharukiryu/cdev/cyanrex-lab/frontend/package.json.
(Use `node --trace-warnings ...` to show where the warning was created)
✔ module lifecycle commands require a normalized module name (2.382152ms)
✔ command responses have a stable human-readable summary (0.354319ms)
ℹ tests 81
ℹ suites 0
ℹ pass 81
ℹ fail 0
ℹ cancelled 0
ℹ skipped 0
ℹ todo 0
ℹ duration_ms 308.223791
