✔ teachers manage modules, deployment settings and terminal without switching role, keeping confirmations (3004.89597ms)
✔ students keep experiment access without teacher deployment navigation (2041.504101ms)
✔ single deletion focuses cancel, Escape/Enter cancel safely, and failures cannot be double-submitted (1464.580784ms)
✔ module lifecycle commands require confirmation but read-only commands do not (1040.300039ms)
✔ account deletion keeps credential and typed gates, cancels without writes, and reports failure (788.258321ms)
✔ job cancellation binds the full job id and settings need explicit review (818.757546ms)
✔ confirmation stays usable in every language on mobile and navigation discards an unconfirmed action (1843.190002ms)
✔ detach-all requires a typed phrase and single detach can never fall back to all (1126.349282ms)
✔ template/source replacement and kernel runs require separate explicit decisions (1340.438762ms)
✔ remote diagnostics require acknowledging source transfer before switching agents (1413.400959ms)
✔ remote cancellation and expiry show unavailable in the real editor without running or replacing its draft (3410.445826ms)
✔ a confirmed file import cannot replace a different lab's draft after navigation (1189.628686ms)
✔ entering a lab preserves the draft until its template is explicitly loaded (1111.905106ms)
✔ header batch deletion stops at failure and reports partial completion, never false success (655.109571ms)
✔ event deletion explains the complete filter scope and freezes the cutoff before confirmation (628.650069ms)
✔ real Monaco accepts semantic suggestions and multiline SEC snippets without executing code (1423.403368ms)
✔ header refresh errors remain visible while an explicit local self-check still works (1568.184188ms)
✔ failed logout stays on the current page, reports uncertainty and permits an explicit retry (3018.986282ms)
✔ logout ignores duplicate clicks while pending and does not redirect until confirmed (927.254322ms)
✔ navigating away discards late logout UI callbacks without claiming server rollback (870.646639ms)
✔ real Monaco binds hit decorations to the declared session and retires them on edit and cleanup (3001.743104ms)
✔ breakpoint recovery keeps its gap warning and rejects obsolete sockets without loading again (3001.037587ms)
✔ forbidden breakpoint snapshots stop retries and never masquerade as live observation (1891.254728ms)
✔ event page recovers visibly, preserves live rows across snapshots, and changes filters safely (2152.637418ms)
✔ real editor hides stale run output without detaching, and confirmed cleanup retires its quick action (2992.077379ms)
✔ failed inventory is not empty success and must be refreshed before cleanup controls enable (1081.625615ms)
✔ unclean and missing cleanup confirmation remain failures without an automatic retry (1478.289583ms)
✔ a failed run transport stays in the confirmation failure view with an uncertainty notice (993.958652ms)
✔ navigation discards an in-flight run result without claiming kernel rollback (993.32774ms)
ℹ tests 29
ℹ suites 0
ℹ pass 29
ℹ fail 0
ℹ cancelled 0
ℹ skipped 0
ℹ todo 0
ℹ duration_ms 24949.279473
