✖ structured validation rejection remains a normal run report (1367.698775ms)
✖ explicit authentication rejection is not mislabeled as an uncertain kernel mutation (287.124869ms)
ℹ tests 2
ℹ suites 0
ℹ pass 0
ℹ fail 2
ℹ cancelled 0
ℹ skipped 0
ℹ todo 0
ℹ duration_ms 3026.239898

✖ failing tests:

test at frontend/tests/runtimeLifecycle.browser.mjs:141:1
✖ structured validation rejection remains a normal run report (1367.698775ms)
  AssertionError [ERR_ASSERTION]: Expected values to be strictly equal:
  + actual - expected
  
  + undefined
  - 'validation'
  
      at file:///home/chiharukiryu/cdev/cyanrex-lab/frontend/tests/runtimeLifecycle.browser.mjs:144:10
      at runNextTicks (node:internal/process/task_queues:65:5)
      at process.processImmediate (node:internal/timers:502:9)
      at async run (file:///home/chiharukiryu/cdev/cyanrex-lab/frontend/tests/runtimeLifecycle.browser.mjs:21:9)
      at async Test.run (node:internal/test_runner/test:1389:7)
      at async startSubtestAfterBootstrap (node:internal/test_runner/harness:387:3) {
    generatedMessage: true,
    code: 'ERR_ASSERTION',
    actual: undefined,
    expected: 'validation',
    operator: 'strictEqual',
    diff: 'simple'
  }

test at frontend/tests/runtimeLifecycle.browser.mjs:148:1
✖ explicit authentication rejection is not mislabeled as an uncertain kernel mutation (287.124869ms)
  AssertionError [ERR_ASSERTION]: Expected values to be strictly equal:
  + actual - expected
  
  + 'ebpf.runtimeUnconfirmed sign in required'
  - 'sign in required'
  
      at file:///home/chiharukiryu/cdev/cyanrex-lab/frontend/tests/runtimeLifecycle.browser.mjs:150:10
      at async run (file:///home/chiharukiryu/cdev/cyanrex-lab/frontend/tests/runtimeLifecycle.browser.mjs:21:9)
      at async Test.run (node:internal/test_runner/test:1389:7)
      at async Test.processPendingSubtests (node:internal/test_runner/test:960:7) {
    generatedMessage: true,
    code: 'ERR_ASSERTION',
    actual: 'ebpf.runtimeUnconfirmed sign in required',
    expected: 'sign in required',
    operator: 'strictEqual',
    diff: 'simple'
  }
