File length limits passed.
Version metadata is synchronized at 0.3.9.
[course] committed frontend course copy matches docs.
Generated OpenAPI document is current (64 paths).
OpenAPI contract is synchronized at 0.3.9: 68 Engine operations, 63 SDK operations.
API compatibility passed against 0.3.0: 61 operations remain compatible with 0.3.9.
Generated SDK types are current (85 schemas).
Generated SDK operations are current (63 operations).
SDK public surface is compatible: 85 members, 8 additive.
✔ compatibility rejects removed operations and changed access tiers (4.890468ms)
✔ compatibility rejects request requirements and enum narrowing (0.717699ms)
✔ compatibility rejects weakened response guarantees (0.709244ms)
✔ compatibility permits additive operations and compatible object growth (10.217341ms)
✔ compatibility treats nullable input and output in opposite directions (0.858392ms)
✔ auth mutations document unconfirmed storage writes without weakening access or success schemas (8.755312ms)
✔ login and destructive event filters expose failure behavior without changing success contracts (2.780119ms)
✔ classroom endpoints preserve separate discovery, invitation and join trust boundaries (6.610299ms)
✔ launchers forward opt-in classroom config and explicitly build the frontend API address (4.919442ms)
✔ course documentation sync detects drift and replaces the generated tree (44.928668ms)
✔ Engine Docker context admits compile-time OpenAPI and migration assets (8.103435ms)
✔ Engine Docker builder copies compile-time assets before compiling (1.777137ms)
✔ frontend prebuild works with only its Docker context and committed course copy (362.772351ms)
✔ functional network enumerates default Next page extensions and excludes framework files (2.059564ms)
✔ functional network accepts a complete source snapshot (0.922963ms)
✔ functional network rejects missing, extra and duplicate operation ownership (0.524519ms)
✔ functional network rejects unknown graph, module and page targets (0.383836ms)
✔ functional network detects version, source, access, page and catalog drift (2.55027ms)
✔ functional network rejects stale counts and source references missing from manifest (0.483803ms)
✔ functional network rejects mismatched API back-references and duplicate IDs (0.286605ms)
✔ learning benchmark rotates configurations without dropping or duplicating any pair (2.916153ms)
✔ cold-load pairs retain all four fixtures and alternate across five rounds (2.536614ms)
✔ every learning benchmark configuration swaps its before/after order each round (1.17346ms)
✔ learning projections distinguish failed storage reads from empty success and remain private (11.492621ms)
✔ npm audit retains production scope, moderate threshold, and finite timeouts (2.150043ms)
✔ valid clean and below-threshold audit reports pass without retrying (0.716638ms)
✔ vulnerability reports fail immediately, including misleading transient error text (0.502498ms)
✔ network failures, rate limits, and server errors retry a fresh audit (1.802745ms)
✔ npm 9 message-only socket failures are recognized (0.325919ms)
✔ retired Quick fallback retries Bulk through npm without accepting the failed report (0.341147ms)
✔ persistent transient failures stop after three attempts and stay failed (0.408733ms)
✔ authentication, certificate, lockfile, and unknown errors never retry (0.691882ms)
✔ missing or malformed reports cannot pass even if npm exits zero (0.522606ms)
✔ process launch failures fail closed and timeouts remain bounded (0.683306ms)
✔ real npm CLI retries Bulk, including a retired Quick fallback when used (1528.791018ms)
✔ local and CI frontend/SDK audits share the same fail-closed wrapper (2.242305ms)
✔ extractEngineOperations handles chained Axum methods and multiline routes (2.240001ms)
✔ extractEngineAccess follows the Axum router trust tiers (10.390814ms)
✔ extractSdkOperations recognizes generic requests, downloads, and WebSockets (2.37856ms)
✔ OpenAPI operation extraction and comparison report exact drift (3.631268ms)
✔ Rust CI explicitly runs every queued event persistence and retention boundary (9.979877ms)
✔ Rust CI runs PostgreSQL acceptance against its disposable service and rejects an empty selection (1.697589ms)
✔ Rust CI promotes every auth boundary regression plus script/event persistence checks (3.323013ms)
✔ Rust CI exercises persisted authentication and duplicate registration on the disposable database (2.252484ms)
✔ release metadata records source, image references, and archive integrity (15.740349ms)
✔ release metadata rejects ambiguous or host-specific build inputs (1.914634ms)
✔ release expectations bind a candidate to its tag, commit, source state, and image mode (3.507357ms)
✔ release metadata CLI parses tag-bound verification expectations (0.885292ms)
✔ Git source inspection distinguishes clean, dirty, tagged, and unavailable trees (59.674041ms)
✔ packaged metadata verification binds JSON and image archive to checksums (7.123125ms)
✔ release argument parsing requires one explicit mode (2.493884ms)
✔ release snapshot validation reports every mismatched field and changelog requirement (1.855854ms)
✔ release preflight accepts a clean candidate and its annotated immutable tag (257.018522ms)
✔ user remote checks document bounded queue waiting without changing success or access (1.169553ms)
✔ Agent claim and sync retain signed authority and explain capacity and lost leases (0.272569ms)
✔ operation generation covers SDK transports and excludes signed Agent protocol (11.549427ms)
✔ rendered operations preserve required path, query, body, and response types (1.262597ms)
✔ operation generation rejects unsupported parameters and mismatched path templates (0.671945ms)
✔ client surface extraction keeps public methods and nested namespace paths (2.814934ms)
✔ client surface comparison rejects removals while reporting additive members (0.413322ms)
✔ client surface baseline rendering is sorted and deterministic (0.361304ms)
✔ schemaToType renders references, nullable unions, arrays, and maps (1.326466ms)
✔ renderSdkSchemaTypes emits a deterministic named schema map (0.437887ms)
✔ schemaToType rejects references outside component schemas (0.602645ms)
✔ the legacy admin API tier truthfully includes teacher deployment authority (7.405272ms)
✔ supported launchers pass explicit teacher and legacy administrator allowlists (2.817159ms)
ℹ tests 66
ℹ suites 0
ℹ pass 66
ℹ fail 0
ℹ cancelled 0
ℹ skipped 0
ℹ todo 0
ℹ duration_ms 1704.038186
Runner Agent management tool checks passed.
Distribution management tool checks passed.
Live kernel smoke tool checks passed.
Release candidate bundle verifier checks passed.
