File length limits passed.
Version metadata is synchronized at 0.3.8.
[course] committed frontend course copy matches docs.
Generated OpenAPI document is current (64 paths).
OpenAPI contract is synchronized at 0.3.8: 68 Engine operations, 63 SDK operations.
API compatibility passed against 0.3.0: 61 operations remain compatible with 0.3.8.
Generated SDK types are current (85 schemas).
Generated SDK operations are current (63 operations).
SDK public surface is compatible: 85 members, 8 additive.
✔ compatibility rejects removed operations and changed access tiers (4.935074ms)
✔ compatibility rejects request requirements and enum narrowing (0.549947ms)
✔ compatibility rejects weakened response guarantees (0.736405ms)
✔ compatibility permits additive operations and compatible object growth (10.303427ms)
✔ compatibility treats nullable input and output in opposite directions (0.779897ms)
✔ auth mutations document unconfirmed storage writes without weakening access or success schemas (15.772349ms)
✔ login and destructive event filters expose failure behavior without changing success contracts (3.535451ms)
✔ classroom endpoints preserve separate discovery, invitation and join trust boundaries (10.412061ms)
✔ launchers forward opt-in classroom config and explicitly build the frontend API address (11.93849ms)
✔ course documentation sync detects drift and replaces the generated tree (42.774334ms)
✔ Engine Docker context admits compile-time OpenAPI and migration assets (7.634614ms)
✔ Engine Docker builder copies compile-time assets before compiling (1.980538ms)
✔ frontend prebuild works with only its Docker context and committed course copy (334.015031ms)
✔ functional network enumerates default Next page extensions and excludes framework files (2.363072ms)
✔ functional network accepts a complete source snapshot (1.104753ms)
✔ functional network rejects missing, extra and duplicate operation ownership (0.560467ms)
✔ functional network rejects unknown graph, module and page targets (0.432989ms)
✔ functional network detects version, source, access, page and catalog drift (0.997041ms)
✔ functional network rejects stale counts and source references missing from manifest (0.460079ms)
✔ functional network rejects mismatched API back-references and duplicate IDs (0.290002ms)
✔ learning benchmark rotates configurations without dropping or duplicating any pair (2.868816ms)
✔ cold-load pairs retain all four fixtures and alternate across five rounds (2.413075ms)
✔ every learning benchmark configuration swaps its before/after order each round (1.105585ms)
✔ learning projections distinguish failed storage reads from empty success and remain private (7.440402ms)
✔ npm audit retains production scope, moderate threshold, and finite timeouts (2.000405ms)
✔ valid clean and below-threshold audit reports pass without retrying (0.75509ms)
✔ vulnerability reports fail immediately, including misleading transient error text (0.572609ms)
✔ network failures, rate limits, and server errors retry a fresh audit (1.750889ms)
✔ npm 9 message-only socket failures are recognized (0.280845ms)
✔ retired Quick fallback retries Bulk through npm without accepting the failed report (0.302595ms)
✔ persistent transient failures stop after three attempts and stay failed (0.404956ms)
✔ authentication, certificate, lockfile, and unknown errors never retry (0.660954ms)
✔ missing or malformed reports cannot pass even if npm exits zero (0.61613ms)
✔ process launch failures fail closed and timeouts remain bounded (0.594881ms)
✔ real npm CLI retries Bulk, including a retired Quick fallback when used (1531.994777ms)
✔ local and CI frontend/SDK audits share the same fail-closed wrapper (1.266715ms)
✔ extractEngineOperations handles chained Axum methods and multiline routes (2.219664ms)
✔ extractEngineAccess follows the Axum router trust tiers (8.931095ms)
✔ extractSdkOperations recognizes generic requests, downloads, and WebSockets (1.452352ms)
✔ OpenAPI operation extraction and comparison report exact drift (0.392653ms)
✔ Rust CI runs PostgreSQL acceptance against its disposable service and rejects an empty selection (7.413482ms)
✔ Rust CI promotes every auth boundary regression plus script/event persistence checks (3.036068ms)
✔ Rust CI exercises persisted authentication and duplicate registration on the disposable database (3.195917ms)
✔ release metadata records source, image references, and archive integrity (11.185875ms)
✔ release metadata rejects ambiguous or host-specific build inputs (1.818555ms)
✔ release expectations bind a candidate to its tag, commit, source state, and image mode (3.395029ms)
✔ release metadata CLI parses tag-bound verification expectations (0.78721ms)
✔ Git source inspection distinguishes clean, dirty, tagged, and unavailable trees (57.168209ms)
✔ packaged metadata verification binds JSON and image archive to checksums (5.309102ms)
✔ release argument parsing requires one explicit mode (2.585798ms)
✔ release snapshot validation reports every mismatched field and changelog requirement (1.784582ms)
✔ release preflight accepts a clean candidate and its annotated immutable tag (232.781277ms)
✔ operation generation covers SDK transports and excludes signed Agent protocol (13.577811ms)
✔ rendered operations preserve required path, query, body, and response types (1.285931ms)
✔ operation generation rejects unsupported parameters and mismatched path templates (0.778464ms)
✔ client surface extraction keeps public methods and nested namespace paths (2.848248ms)
✔ client surface comparison rejects removals while reporting additive members (0.41775ms)
✔ client surface baseline rendering is sorted and deterministic (0.367566ms)
✔ schemaToType renders references, nullable unions, arrays, and maps (1.428668ms)
✔ renderSdkSchemaTypes emits a deterministic named schema map (0.543405ms)
✔ schemaToType rejects references outside component schemas (0.600071ms)
✔ the legacy admin API tier truthfully includes teacher deployment authority (6.712342ms)
✔ supported launchers pass explicit teacher and legacy administrator allowlists (2.858758ms)
ℹ tests 63
ℹ suites 0
ℹ pass 63
ℹ fail 0
ℹ cancelled 0
ℹ skipped 0
ℹ todo 0
ℹ duration_ms 1678.252435
Runner Agent management tool checks passed.
Distribution management tool checks passed.
Live kernel smoke tool checks passed.
Release candidate bundle verifier checks passed.
