✖ a new debug session never renders the previous session's hits, even before effects (1201.616127ms)
✖ clearing the debug session immediately removes old hits and gap state (254.032797ms)
✖ an Engine switch cannot render hits from a same-named session on the previous Engine (230.786991ms)
✖ snapshot hits accept only positive integral instrumented line numbers (238.795558ms)
✖ live hits reject other categories and non-instrumented lines (234.816582ms)
✖ changing the instrumented set invalidates the old subscription and pending snapshot (214.730345ms)
✖ event recovery snapshots are private credentialed reads that reject redirects (211.362786ms)
✖ malformed live frames leave a visible gap without manufacturing hits or reconnecting (229.75915ms)
✖ replacing the editor removes decorations from the old owning model (216.601628ms)
✖ late keyboard callbacks from a replaced editor cannot toggle the current editor's breakpoints (227.948461ms)
✖ out-of-model and fractional hit lines never create editor decorations (220.833706ms)
✖ model replacement retires the previous model's decorations and clamps current breakpoints (217.633256ms)
✖ editor disposal unregisters keyboard callbacks before the controller unmounts (208.064847ms)
ℹ tests 13
ℹ suites 0
ℹ pass 0
ℹ fail 13
ℹ cancelled 0
ℹ skipped 0
ℹ todo 0
ℹ duration_ms 4084.311881

✖ failing tests:

test at frontend/tests/breakpointLifecycle.browser.mjs:24:1
✖ a new debug session never renders the previous session's hits, even before effects (1201.616127ms)
  AssertionError [ERR_ASSERTION]: The expression evaluated to a falsy value:
  
    assert.ok(renders.every(row => row.hits.length === 0))
  
      at file:///home/chiharukiryu/cdev/cyanrex-lab/frontend/tests/breakpointLifecycle.browser.mjs:27:41
      at async run (file:///home/chiharukiryu/cdev/cyanrex-lab/frontend/tests/breakpointLifecycle.browser.mjs:20:9)
      at async Test.run (node:internal/test_runner/test:1389:7)
      at async startSubtestAfterBootstrap (node:internal/test_runner/harness:387:3) {
    generatedMessage: true,
    code: 'ERR_ASSERTION',
    actual: false,
    expected: true,
    operator: '==',
    diff: 'simple'
  }

test at frontend/tests/breakpointLifecycle.browser.mjs:30:1
✖ clearing the debug session immediately removes old hits and gap state (254.032797ms)
  AssertionError [ERR_ASSERTION]: The expression evaluated to a falsy value:
  
    assert.ok((await f.act(() => fixture.history)).every(row => row.hits.length === 0 && !row.streamGap))
  
      at file:///home/chiharukiryu/cdev/cyanrex-lab/frontend/tests/breakpointLifecycle.browser.mjs:33:10
      at async run (file:///home/chiharukiryu/cdev/cyanrex-lab/frontend/tests/breakpointLifecycle.browser.mjs:20:9)
      at async Test.run (node:internal/test_runner/test:1389:7)
      at async Test.processPendingSubtests (node:internal/test_runner/test:960:7) {
    generatedMessage: true,
    code: 'ERR_ASSERTION',
    actual: false,
    expected: true,
    operator: '==',
    diff: 'simple'
  }

test at frontend/tests/breakpointLifecycle.browser.mjs:36:1
✖ an Engine switch cannot render hits from a same-named session on the previous Engine (230.786991ms)
  AssertionError [ERR_ASSERTION]: The expression evaluated to a falsy value:
  
    assert.ok((await f.act(() => fixture.history)).every(row => row.hits.length === 0))
  
      at file:///home/chiharukiryu/cdev/cyanrex-lab/frontend/tests/breakpointLifecycle.browser.mjs:38:10
      at async run (file:///home/chiharukiryu/cdev/cyanrex-lab/frontend/tests/breakpointLifecycle.browser.mjs:20:9)
      at async Test.run (node:internal/test_runner/test:1389:7)
      at async Test.processPendingSubtests (node:internal/test_runner/test:960:7) {
    generatedMessage: true,
    code: 'ERR_ASSERTION',
    actual: false,
    expected: true,
    operator: '==',
    diff: 'simple'
  }

test at frontend/tests/breakpointLifecycle.browser.mjs:41:1
✖ snapshot hits accept only positive integral instrumented line numbers (238.795558ms)
  AssertionError [ERR_ASSERTION]: Expected values to be strictly deep-equal:
  + actual - expected
  
    [
  +   0,
  +   -1,
  +   2.5,
  +   999,
      2
    ]
  
      at file:///home/chiharukiryu/cdev/cyanrex-lab/frontend/tests/breakpointLifecycle.browser.mjs:43:10
      at async run (file:///home/chiharukiryu/cdev/cyanrex-lab/frontend/tests/breakpointLifecycle.browser.mjs:20:9)
      at async Test.run (node:internal/test_runner/test:1389:7)
      at async Test.processPendingSubtests (node:internal/test_runner/test:960:7) {
    generatedMessage: true,
    code: 'ERR_ASSERTION',
    actual: [ 0, -1, 2.5, 999, 2 ],
    expected: [ 2 ],
    operator: 'deepStrictEqual',
    diff: 'simple'
  }

test at frontend/tests/breakpointLifecycle.browser.mjs:46:1
✖ live hits reject other categories and non-instrumented lines (234.816582ms)
  AssertionError [ERR_ASSERTION]: Expected values to be strictly deep-equal:
  + actual - expected
  
    [
      2,
  +   3,
  +   2
    ]
  
      at file:///home/chiharukiryu/cdev/cyanrex-lab/frontend/tests/breakpointLifecycle.browser.mjs:49:10
      at async run (file:///home/chiharukiryu/cdev/cyanrex-lab/frontend/tests/breakpointLifecycle.browser.mjs:20:9)
      at async Test.run (node:internal/test_runner/test:1389:7)
      at async Test.processPendingSubtests (node:internal/test_runner/test:960:7) {
    generatedMessage: true,
    code: 'ERR_ASSERTION',
    actual: [ 2, 3, 2 ],
    expected: [ 2 ],
    operator: 'deepStrictEqual',
    diff: 'simple'
  }

test at frontend/tests/breakpointLifecycle.browser.mjs:52:1
✖ changing the instrumented set invalidates the old subscription and pending snapshot (214.730345ms)
  AssertionError [ERR_ASSERTION]: Expected values to be strictly equal:
  
  false !== true
  
      at file:///home/chiharukiryu/cdev/cyanrex-lab/frontend/tests/breakpointLifecycle.browser.mjs:54:10
      at async run (file:///home/chiharukiryu/cdev/cyanrex-lab/frontend/tests/breakpointLifecycle.browser.mjs:20:9)
      at async Test.run (node:internal/test_runner/test:1389:7)
      at async Test.processPendingSubtests (node:internal/test_runner/test:960:7) {
    generatedMessage: true,
    code: 'ERR_ASSERTION',
    actual: false,
    expected: true,
    operator: 'strictEqual',
    diff: 'simple'
  }

test at frontend/tests/breakpointLifecycle.browser.mjs:58:1
✖ event recovery snapshots are private credentialed reads that reject redirects (211.362786ms)
  AssertionError [ERR_ASSERTION]: Expected values to be strictly equal:
  + actual - expected
  
  + undefined
  - 'no-store'
  
      at file:///home/chiharukiryu/cdev/cyanrex-lab/frontend/tests/breakpointLifecycle.browser.mjs:60:56
      at async run (file:///home/chiharukiryu/cdev/cyanrex-lab/frontend/tests/breakpointLifecycle.browser.mjs:20:9)
      at async Test.run (node:internal/test_runner/test:1389:7)
      at async Test.processPendingSubtests (node:internal/test_runner/test:960:7) {
    generatedMessage: true,
    code: 'ERR_ASSERTION',
    actual: undefined,
    expected: 'no-store',
    operator: 'strictEqual',
    diff: 'simple'
  }

test at frontend/tests/breakpointLifecycle.browser.mjs:63:1
✖ malformed live frames leave a visible gap without manufacturing hits or reconnecting (229.75915ms)
  AssertionError [ERR_ASSERTION]: Expected values to be strictly equal:
  
  false !== true
  
      at file:///home/chiharukiryu/cdev/cyanrex-lab/frontend/tests/breakpointLifecycle.browser.mjs:65:38
      at async run (file:///home/chiharukiryu/cdev/cyanrex-lab/frontend/tests/breakpointLifecycle.browser.mjs:20:9)
      at async Test.run (node:internal/test_runner/test:1389:7)
      at async Test.processPendingSubtests (node:internal/test_runner/test:960:7) {
    generatedMessage: true,
    code: 'ERR_ASSERTION',
    actual: false,
    expected: true,
    operator: 'strictEqual',
    diff: 'simple'
  }

test at frontend/tests/breakpointLifecycle.browser.mjs:70:1
✖ replacing the editor removes decorations from the old owning model (216.601628ms)
  AssertionError [ERR_ASSERTION]: Expected values to be strictly deep-equal:
  + actual - expected
  
  + [
  +   {
  +     className: 'cyanrex-breakpoint-line',
  +     line: 2
  +   }
  + ]
  - []
  
      at file:///home/chiharukiryu/cdev/cyanrex-lab/frontend/tests/breakpointLifecycle.browser.mjs:73:52
      at async run (file:///home/chiharukiryu/cdev/cyanrex-lab/frontend/tests/breakpointLifecycle.browser.mjs:20:9)
      at async Test.run (node:internal/test_runner/test:1389:7)
      at async Test.processPendingSubtests (node:internal/test_runner/test:960:7) {
    generatedMessage: true,
    code: 'ERR_ASSERTION',
    actual: [ { line: 2, className: 'cyanrex-breakpoint-line' } ],
    expected: [],
    operator: 'deepStrictEqual',
    diff: 'simple'
  }

test at frontend/tests/breakpointLifecycle.browser.mjs:76:1
✖ late keyboard callbacks from a replaced editor cannot toggle the current editor's breakpoints (227.948461ms)
  AssertionError [ERR_ASSERTION]: Expected values to be strictly deep-equal:
  + actual - expected
  
  + [
  +   2
  + ]
  - []
  
      at file:///home/chiharukiryu/cdev/cyanrex-lab/frontend/tests/breakpointLifecycle.browser.mjs:78:55
      at async run (file:///home/chiharukiryu/cdev/cyanrex-lab/frontend/tests/breakpointLifecycle.browser.mjs:20:9)
      at async Test.run (node:internal/test_runner/test:1389:7)
      at async Test.processPendingSubtests (node:internal/test_runner/test:960:7) {
    generatedMessage: true,
    code: 'ERR_ASSERTION',
    actual: [ 2 ],
    expected: [],
    operator: 'deepStrictEqual',
    diff: 'simple'
  }

test at frontend/tests/breakpointLifecycle.browser.mjs:81:1
✖ out-of-model and fractional hit lines never create editor decorations (220.833706ms)
  AssertionError [ERR_ASSERTION]: Expected values to be strictly deep-equal:
  + actual - expected
  
  + [
  +   {
  +     className: 'cyanrex-breakpoint-hit-line',
  +     line: 999
  +   }
  + ]
  - []
  
      at file:///home/chiharukiryu/cdev/cyanrex-lab/frontend/tests/breakpointLifecycle.browser.mjs:83:10
      at async run (file:///home/chiharukiryu/cdev/cyanrex-lab/frontend/tests/breakpointLifecycle.browser.mjs:20:9)
      at async Test.run (node:internal/test_runner/test:1389:7)
      at async Test.processPendingSubtests (node:internal/test_runner/test:960:7) {
    generatedMessage: true,
    code: 'ERR_ASSERTION',
    actual: [ { line: 999, className: 'cyanrex-breakpoint-hit-line' } ],
    expected: [],
    operator: 'deepStrictEqual',
    diff: 'simple'
  }

test at frontend/tests/breakpointLifecycle.browser.mjs:87:1
✖ model replacement retires the previous model's decorations and clamps current breakpoints (217.633256ms)
  AssertionError [ERR_ASSERTION]: Expected values to be strictly deep-equal:
  + actual - expected
  
  + [
  +   {
  +     className: 'cyanrex-breakpoint-line',
  +     line: 2
  +   }
  + ]
  - []
  
      at file:///home/chiharukiryu/cdev/cyanrex-lab/frontend/tests/breakpointLifecycle.browser.mjs:90:10
      at async run (file:///home/chiharukiryu/cdev/cyanrex-lab/frontend/tests/breakpointLifecycle.browser.mjs:20:9)
      at async Test.run (node:internal/test_runner/test:1389:7)
      at async Test.processPendingSubtests (node:internal/test_runner/test:960:7) {
    generatedMessage: true,
    code: 'ERR_ASSERTION',
    actual: [ { line: 2, className: 'cyanrex-breakpoint-line' } ],
    expected: [],
    operator: 'deepStrictEqual',
    diff: 'simple'
  }

test at frontend/tests/breakpointLifecycle.browser.mjs:94:1
✖ editor disposal unregisters keyboard callbacks before the controller unmounts (208.064847ms)
  AssertionError [ERR_ASSERTION]: Expected values to be strictly equal:
  
  1 !== 0
  
      at file:///home/chiharukiryu/cdev/cyanrex-lab/frontend/tests/breakpointLifecycle.browser.mjs:97:10
      at async run (file:///home/chiharukiryu/cdev/cyanrex-lab/frontend/tests/breakpointLifecycle.browser.mjs:20:9)
      at async Test.run (node:internal/test_runner/test:1389:7)
      at async Test.processPendingSubtests (node:internal/test_runner/test:960:7) {
    generatedMessage: true,
    code: 'ERR_ASSERTION',
    actual: 1,
    expected: 0,
    operator: 'strictEqual',
    diff: 'simple'
  }
