   Compiling cyanrex-engine v0.3.9 (/home/chiharukiryu/cdev/cyanrex-lab/engine)
    Finished `test` profile [unoptimized + debuginfo] target(s) in 8.28s
     Running unittests src/lib.rs (engine/target/debug/deps/cyanrex_engine-c01bd6d40079956c)

running 7 tests
test services::event_bus::tests::persistence::postgres_deletion_cannot_be_undone_by_its_pending_publications ... FAILED
test services::event_bus::tests::persistence::postgres_deletion_invalidates_drop_new_capacity_cache ... FAILED
test services::event_bus::tests::persistence::postgres_failed_settings_update_preserves_memory_and_previous_policy ... FAILED
test services::event_bus::tests::persistence::postgres_mark_read_waits_for_previously_queued_events ... FAILED
test services::event_bus::tests::persistence::postgres_publish_batch_really_persists_json_without_fallback ... ok
test services::event_bus::tests::persistence::postgres_replacement_really_persists_and_marks_only_its_owner_read ... ok
test services::event_bus::tests::persistence::postgres_retention_update_cannot_be_overridden_by_queued_old_settings ... FAILED

failures:

---- services::event_bus::tests::persistence::postgres_deletion_cannot_be_undone_by_its_pending_publications stdout ----

thread 'services::event_bus::tests::persistence::postgres_deletion_cannot_be_undone_by_its_pending_publications' (1567523) panicked at src/services/event_bus/tests/persistence.rs:91:9:
assertion `left == right` failed: deleted rows must not be inserted later
  left: 4
 right: 2
note: run with `RUST_BACKTRACE=1` environment variable to display a backtrace

thread 'services::event_bus::tests::persistence::postgres_deletion_cannot_be_undone_by_its_pending_publications' (1567523) panicked at src/services/event_bus/tests/persistence.rs:56:13:
event boundary failed; owned schema was cleaned up: JoinError::Panic(Id(10), "assertion `left == right` failed: deleted rows must not be inserted later\n  left: 4\n right: 2", ...)

---- services::event_bus::tests::persistence::postgres_deletion_invalidates_drop_new_capacity_cache stdout ----

thread 'services::event_bus::tests::persistence::postgres_deletion_invalidates_drop_new_capacity_cache' (1567528) panicked at src/services/event_bus/tests/persistence.rs:145:9:
assertion `left == right` failed: freed capacity must be usable immediately
  left: Some(50)
 right: None

thread 'services::event_bus::tests::persistence::postgres_deletion_invalidates_drop_new_capacity_cache' (1567528) panicked at src/services/event_bus/tests/persistence.rs:56:13:
event boundary failed; owned schema was cleaned up: JoinError::Panic(Id(28), "assertion `left == right` failed: freed capacity must be usable immediately\n  left: Some(50)\n right: None", ...)

---- services::event_bus::tests::persistence::postgres_failed_settings_update_preserves_memory_and_previous_policy stdout ----

thread 'services::event_bus::tests::persistence::postgres_failed_settings_update_preserves_memory_and_previous_policy' (1567548) panicked at src/services/event_bus/tests/persistence.rs:128:9:
assertion `left == right` failed
  left: 50
 right: 100

thread 'services::event_bus::tests::persistence::postgres_failed_settings_update_preserves_memory_and_previous_policy' (1567548) panicked at src/services/event_bus/tests/persistence.rs:56:13:
event boundary failed; owned schema was cleaned up: JoinError::Panic(Id(41), "assertion `left == right` failed\n  left: 50\n right: 100", ...)

---- services::event_bus::tests::persistence::postgres_mark_read_waits_for_previously_queued_events stdout ----

thread 'services::event_bus::tests::persistence::postgres_mark_read_waits_for_previously_queued_events' (1567552) panicked at src/services/event_bus/tests/persistence.rs:72:9:
assertion `left == right` failed: late insertion must not revive unread state
  left: 4
 right: 0

thread 'services::event_bus::tests::persistence::postgres_mark_read_waits_for_previously_queued_events' (1567552) panicked at src/services/event_bus/tests/persistence.rs:56:13:
event boundary failed; owned schema was cleaned up: JoinError::Panic(Id(55), "assertion `left == right` failed: late insertion must not revive unread state\n  left: 4\n right: 0", ...)

---- services::event_bus::tests::persistence::postgres_retention_update_cannot_be_overridden_by_queued_old_settings stdout ----

thread 'services::event_bus::tests::persistence::postgres_retention_update_cannot_be_overridden_by_queued_old_settings' (1567564) panicked at src/services/event_bus/tests/persistence.rs:109:9:
assertion `left == right` failed: old policy must finish before the new trim
  left: 80
 right: 50

thread 'services::event_bus::tests::persistence::postgres_retention_update_cannot_be_overridden_by_queued_old_settings' (1567564) panicked at src/services/event_bus/tests/persistence.rs:56:13:
event boundary failed; owned schema was cleaned up: JoinError::Panic(Id(105), "assertion `left == right` failed: old policy must finish before the new trim\n  left: 80\n right: 50", ...)


failures:
    services::event_bus::tests::persistence::postgres_deletion_cannot_be_undone_by_its_pending_publications
    services::event_bus::tests::persistence::postgres_deletion_invalidates_drop_new_capacity_cache
    services::event_bus::tests::persistence::postgres_failed_settings_update_preserves_memory_and_previous_policy
    services::event_bus::tests::persistence::postgres_mark_read_waits_for_previously_queued_events
    services::event_bus::tests::persistence::postgres_retention_update_cannot_be_overridden_by_queued_old_settings

test result: FAILED. 2 passed; 5 failed; 0 ignored; 0 measured; 179 filtered out; finished in 0.94s

error: test failed, to rerun pass `--lib`
