✔ malformed metrics cannot crash the settings form or Runner panel (1839.293248ms)
✔ a stalled metrics read has a deadline and releases explicit refresh (483.196333ms)
✔ navigation invalidates metrics and aborts obsolete reads (542.158221ms)
✔ background failure marks retained metrics stale and removes old refresh success (488.302653ms)
✔ locale changes do not reload metrics or discard the settings draft (442.985928ms)
✔ saving settings cannot erase an unrelated metrics failure (577.067264ms)
✔ pending event settings do not block independent metrics refresh (427.604886ms)
✔ Strict Mode owns a new read and late obsolete responses cannot overwrite it (464.730188ms)
✔ Engine changes hide the previous sample and invalidate old refresh callbacks (416.872705ms)
✔ unmount stops metrics reads, late results and future polling (386.657495ms)
✔ polling waits after completion and coalesces overlapping refresh requests (424.078601ms)
✔ a hung JSON body times out and cannot replace a later successful sample (428.09549ms)
✔ stale samples lose the healthy label until a validated retry succeeds (472.887883ms)
✔ metrics failures leave Runner cancellation and settings controls independent (632.212356ms)
✔ unavailable and stale feedback translates without extra reads in all four locales (520.868202ms)
✔ malformed Runner inventory cannot crash neighboring settings controls (1770.30021ms)
✔ stalled inventory reads time out and release refresh (378.166038ms)
✔ navigation aborts obsolete inventories and starts a new owner (393.932997ms)
✔ failed refresh keeps the previous inventory read-only (569.161411ms)
✔ a 2xx response without a matching cancellation acknowledgement is not success (510.077369ms)
✔ probe submission requires a reviewed confirmation (431.303545ms)
✔ leaving the page aborts a pending cancellation without a follow-up refresh (498.551777ms)
✔ Strict Mode and late obsolete reads cannot overwrite the current atomic inventory (458.386351ms)
✔ a failed half of the inventory pair aborts its sibling and cannot publish a partial update (531.434615ms)
✔ a stalled inventory body cannot publish after a newer verified read (453.041415ms)
✔ probe approval submits exactly once and validates the returned job before success (536.89368ms)
✔ a cancellation acknowledgement remains confirmed if the follow-up inventory fails (553.156229ms)
✔ timed-out cancellation stays uncertain through polling until explicit refresh (640.349172ms)
✔ a stalled cancellation body has the same deadline and never retries the write (558.022689ms)
✔ background state changes invalidate a reviewed cancellation target (513.42788ms)
✔ a confirmation cannot dispatch while inventory refresh is still in flight (512.651289ms)
✔ probe review rechecks Agent expiry using Engine-relative time (461.073823ms)
✔ Engine changes close the old confirmation and abort its pending POST (504.352691ms)
✔ navigation aborts a pending write and its late response cannot touch the next page (480.30617ms)
✔ read polling waits after completion and is paused during writes (453.578079ms)
✔ unmount aborts both reads, drops late data and stops timers (331.69247ms)
✔ HTTP failures and incorrect media types stay generic and cannot acknowledge an action (634.674103ms)
✔ probe confirmation can be dismissed safely and rejects a re-registered Agent (506.521114ms)
✔ locale changes translate feedback without extra Runner reads or settings draft loss (529.255569ms)
✔ failed settings reads cannot enable saving cached defaults (1816.858747ms)
✔ Strict Mode obsolete settings reads cannot overwrite the current load (461.279875ms)
✔ unconfirmed event settings cannot dispatch the compiler save (673.714152ms)
✔ navigation cancels a pending save and cannot dispatch a late second step (581.01141ms)
✔ partial settings saves require verification before a new confirmation (522.447231ms)
✔ stalled initial settings requests have a bounded read wait and explicit reload (423.087195ms)
✔ successful saves freeze normalized values, lock editing and dispatch each stage only once (609.46342ms)
✔ unavailable compiler reads explicitly allow event-only saving, never a hidden compiler write (533.981825ms)
✔ malformed event reads stay blocked until an explicit fresh reload succeeds (513.958869ms)
✔ event save timeout blocks retry and ignores late acknowledgement before fresh verification (677.482602ms)
✔ compiler timeout retains partial-save warning even after metrics refresh (608.93504ms)
✔ unmount aborts saving and prevents late writes or unread notifications (532.180791ms)
✔ cancelling a review or navigating before confirmation never writes (531.333909ms)
✔ blank and fractional drafts cannot be confirmed; discarding a draft needs explicit approval (637.165799ms)
✔ locale changes preserve the draft and never reload or mutate settings (458.960271ms)
✔ new navigation owns loading state and rejects all earlier read results (462.186148ms)
✔ a mismatched compiler acknowledgement cannot claim complete success (537.418674ms)
ℹ tests 56
ℹ suites 0
ℹ pass 56
ℹ fail 0
ℹ cancelled 0
ℹ skipped 0
ℹ todo 0
ℹ duration_ms 13391.517587
