File length limits passed.
Version metadata is synchronized at 0.4.2.
[course] committed frontend course copy matches docs.
Generated OpenAPI document is current (64 paths).
OpenAPI contract is synchronized at 0.4.2: 68 Engine operations, 63 SDK operations.
API compatibility passed against 0.3.0: 61 operations remain compatible with 0.4.2.
Generated SDK types are current (85 schemas).
Generated SDK operations are current (63 operations).
SDK public surface is compatible: 85 members, 8 additive.
✔ compatibility rejects removed operations and changed access tiers (4.726564ms)
✔ compatibility rejects request requirements and enum narrowing (0.551343ms)
✔ compatibility rejects weakened response guarantees (0.45451ms)
✔ compatibility permits additive operations and compatible object growth (10.083299ms)
✔ compatibility treats nullable input and output in opposite directions (0.788629ms)
✔ auth mutations document unconfirmed storage writes without weakening access or success schemas (9.030431ms)
✔ login and destructive event filters expose failure behavior without changing success contracts (5.589561ms)
✔ classroom endpoints preserve separate discovery, invitation and join trust boundaries (10.540734ms)
✔ launchers forward opt-in classroom config and explicitly build the frontend API address (12.061179ms)
✔ course documentation sync detects drift and replaces the generated tree (34.094655ms)
✔ Engine Docker context admits compile-time OpenAPI and migration assets (8.916954ms)
✔ Engine Docker builder copies compile-time assets before compiling (1.44361ms)
✔ frontend prebuild works with only its Docker context and committed course copy (200.57453ms)
✔ event mutations document unconfirmed writes, cancellation and private acknowledgements (9.466304ms)
✔ event reads document private unavailable results without changing session authority or success shapes (9.17481ms)
✔ event settings expose private unavailable reads and unconfirmed transactional updates (7.319656ms)
✔ functional network enumerates default Next page extensions and excludes framework files (2.295456ms)
✔ functional network accepts a complete source snapshot (1.141074ms)
✔ functional network rejects missing, extra and duplicate operation ownership (0.662997ms)
✔ functional network rejects unknown graph, module and page targets (2.055255ms)
✔ functional network detects version, source, access, page and catalog drift (0.881375ms)
✔ functional network rejects stale counts and source references missing from manifest (0.40937ms)
✔ functional network rejects mismatched API back-references and duplicate IDs (0.274309ms)
✔ learning benchmark rotates configurations without dropping or duplicating any pair (2.425517ms)
✔ cold-load pairs retain all four fixtures and alternate across five rounds (1.497568ms)
✔ every learning benchmark configuration swaps its before/after order each round (0.741294ms)
✔ learning projections distinguish failed storage reads from empty success and remain private (14.891445ms)
✔ npm audit retains production scope, moderate threshold, and finite timeouts (2.361218ms)
✔ valid clean and below-threshold audit reports pass without retrying (0.772768ms)
✔ vulnerability reports fail immediately, including misleading transient error text (0.563428ms)
✔ network failures, rate limits, and server errors retry a fresh audit (1.85297ms)
✔ npm 9 message-only socket failures are recognized (0.309921ms)
✔ retired Quick fallback retries Bulk through npm without accepting the failed report (0.298187ms)
✔ persistent transient failures stop after three attempts and stay failed (0.399871ms)
✔ authentication, certificate, lockfile, and unknown errors never retry (0.65968ms)
✔ missing or malformed reports cannot pass even if npm exits zero (0.505712ms)
✔ process launch failures fail closed and timeouts remain bounded (0.596996ms)
✔ real npm CLI retries Bulk, including a retired Quick fallback when used (1513.648933ms)
✔ local and CI frontend/SDK audits share the same fail-closed wrapper (1.209442ms)
✔ extractEngineOperations handles chained Axum methods and multiline routes (2.454374ms)
✔ extractEngineAccess follows the Axum router trust tiers (10.726798ms)
✔ extractSdkOperations recognizes generic requests, downloads, and WebSockets (1.845014ms)
✔ OpenAPI operation extraction and comparison report exact drift (0.517045ms)
✔ Rust CI explicitly runs every queued event persistence and retention boundary (9.995593ms)
✔ Rust CI runs PostgreSQL acceptance against its disposable service and rejects an empty selection (4.891274ms)
✔ Rust CI promotes every auth boundary regression plus script/event persistence checks (2.835878ms)
✔ Rust CI exercises persisted authentication and duplicate registration on the disposable database (1.326506ms)
✔ release metadata records source, image references, and archive integrity (11.322981ms)
✔ release metadata rejects ambiguous or host-specific build inputs (1.869854ms)
✔ release expectations bind a candidate to its tag, commit, source state, and image mode (2.8016ms)
✔ release metadata CLI parses tag-bound verification expectations (0.660262ms)
✔ Git source inspection distinguishes clean, dirty, tagged, and unavailable trees (81.287764ms)
✔ packaged metadata verification binds JSON and image archive to checksums (5.852518ms)
✔ release argument parsing requires one explicit mode (2.612501ms)
✔ release snapshot validation reports every mismatched field and changelog requirement (1.594162ms)
✔ release preflight accepts a clean candidate and its annotated immutable tag (343.782772ms)
✔ user remote checks document bounded queue waiting without changing success or access (0.83892ms)
✔ Agent claim and sync retain signed authority and explain capacity and lost leases (0.192365ms)
✔ operation generation covers SDK transports and excludes signed Agent protocol (13.45499ms)
✔ rendered operations preserve required path, query, body, and response types (1.219963ms)
✔ operation generation rejects unsupported parameters and mismatched path templates (0.710252ms)
✔ client surface extraction keeps public methods and nested namespace paths (2.141508ms)
✔ client surface comparison rejects removals while reporting additive members (0.313908ms)
✔ client surface baseline rendering is sorted and deterministic (0.270292ms)
✔ schemaToType renders references, nullable unions, arrays, and maps (1.415413ms)
✔ renderSdkSchemaTypes emits a deterministic named schema map (0.501194ms)
✔ schemaToType rejects references outside component schemas (0.576734ms)
✔ the legacy admin API tier truthfully includes teacher deployment authority (7.979286ms)
✔ supported launchers pass explicit teacher and legacy administrator allowlists (2.742731ms)
ℹ tests 69
ℹ suites 0
ℹ pass 69
ℹ fail 0
ℹ cancelled 0
ℹ skipped 0
ℹ todo 0
ℹ duration_ms 1662.510853
Runner Agent management tool checks passed.
Distribution management tool checks passed.
Live kernel smoke tool checks passed.
Release candidate bundle verifier checks passed.
