✔ failed settings reads cannot enable saving cached defaults (1393.008465ms)
✔ Strict Mode obsolete settings reads cannot overwrite the current load (332.370218ms)
✔ unconfirmed event settings cannot dispatch the compiler save (449.776721ms)
✔ navigation cancels a pending save and cannot dispatch a late second step (393.163711ms)
✔ partial settings saves require verification before a new confirmation (427.030003ms)
✔ stalled initial settings requests have a bounded read wait and explicit reload (317.075011ms)
✔ successful saves freeze normalized values, lock editing and dispatch each stage only once (428.418459ms)
✔ unavailable compiler reads explicitly allow event-only saving, never a hidden compiler write (414.085155ms)
✔ malformed event reads stay blocked until an explicit fresh reload succeeds (388.748939ms)
✔ event save timeout blocks retry and ignores late acknowledgement before fresh verification (565.118632ms)
✔ compiler timeout retains partial-save warning even after metrics refresh (436.940649ms)
✔ unmount aborts saving and prevents late writes or unread notifications (402.038543ms)
✔ cancelling a review or navigating before confirmation never writes (407.0043ms)
✔ blank and fractional drafts cannot be confirmed; discarding a draft needs explicit approval (511.323919ms)
✔ locale changes preserve the draft and never reload or mutate settings (371.60356ms)
✔ new navigation owns loading state and rejects all earlier read results (333.41033ms)
✔ a mismatched compiler acknowledgement cannot claim complete success (420.68594ms)
ℹ tests 17
ℹ suites 0
ℹ pass 17
ℹ fail 0
ℹ cancelled 0
ℹ skipped 0
ℹ todo 0
ℹ duration_ms 8144.039391
