File length limits passed.
Version metadata is synchronized at 0.4.1.
[course] committed frontend course copy matches docs.
Generated OpenAPI document is current (64 paths).
OpenAPI contract is synchronized at 0.4.1: 68 Engine operations, 63 SDK operations.
API compatibility passed against 0.3.0: 61 operations remain compatible with 0.4.1.
Generated SDK types are current (85 schemas).
Generated SDK operations are current (63 operations).
SDK public surface is compatible: 85 members, 8 additive.
✔ compatibility rejects removed operations and changed access tiers (4.952412ms)
✔ compatibility rejects request requirements and enum narrowing (0.626966ms)
✔ compatibility rejects weakened response guarantees (0.605486ms)
✔ compatibility permits additive operations and compatible object growth (10.134305ms)
✔ compatibility treats nullable input and output in opposite directions (0.752762ms)
✔ auth mutations document unconfirmed storage writes without weakening access or success schemas (8.88972ms)
✔ login and destructive event filters expose failure behavior without changing success contracts (4.015956ms)
✔ classroom endpoints preserve separate discovery, invitation and join trust boundaries (10.250323ms)
✔ launchers forward opt-in classroom config and explicitly build the frontend API address (10.510681ms)
✔ course documentation sync detects drift and replaces the generated tree (39.602957ms)
✔ Engine Docker context admits compile-time OpenAPI and migration assets (6.714538ms)
✔ Engine Docker builder copies compile-time assets before compiling (2.002207ms)
✔ frontend prebuild works with only its Docker context and committed course copy (195.595606ms)
✔ event mutations document unconfirmed writes, cancellation and private acknowledgements (16.459272ms)
✔ event reads document private unavailable results without changing session authority or success shapes (6.611685ms)
✔ event settings expose private unavailable reads and unconfirmed transactional updates (8.400262ms)
✔ functional network enumerates default Next page extensions and excludes framework files (2.213343ms)
✔ functional network accepts a complete source snapshot (1.008061ms)
✔ functional network rejects missing, extra and duplicate operation ownership (0.54378ms)
✔ functional network rejects unknown graph, module and page targets (0.332274ms)
✔ functional network detects version, source, access, page and catalog drift (2.075504ms)
✔ functional network rejects stale counts and source references missing from manifest (0.388018ms)
✔ functional network rejects mismatched API back-references and duplicate IDs (0.418696ms)
✔ learning benchmark rotates configurations without dropping or duplicating any pair (2.263978ms)
✔ cold-load pairs retain all four fixtures and alternate across five rounds (1.971749ms)
✔ every learning benchmark configuration swaps its before/after order each round (0.757692ms)
✔ learning projections distinguish failed storage reads from empty success and remain private (8.219723ms)
✔ npm audit retains production scope, moderate threshold, and finite timeouts (2.058973ms)
✔ valid clean and below-threshold audit reports pass without retrying (0.636314ms)
✔ vulnerability reports fail immediately, including misleading transient error text (0.505328ms)
✔ network failures, rate limits, and server errors retry a fresh audit (1.590414ms)
✔ npm 9 message-only socket failures are recognized (0.294573ms)
✔ retired Quick fallback retries Bulk through npm without accepting the failed report (0.312377ms)
✔ persistent transient failures stop after three attempts and stay failed (0.406363ms)
✔ authentication, certificate, lockfile, and unknown errors never retry (0.640932ms)
✔ missing or malformed reports cannot pass even if npm exits zero (0.456586ms)
✔ process launch failures fail closed and timeouts remain bounded (0.691908ms)
✔ real npm CLI retries Bulk, including a retired Quick fallback when used (1489.586588ms)
✔ local and CI frontend/SDK audits share the same fail-closed wrapper (0.993053ms)
✔ extractEngineOperations handles chained Axum methods and multiline routes (1.601755ms)
✔ extractEngineAccess follows the Axum router trust tiers (8.72438ms)
✔ extractSdkOperations recognizes generic requests, downloads, and WebSockets (1.527947ms)
✔ OpenAPI operation extraction and comparison report exact drift (0.512081ms)
✔ Rust CI explicitly runs every queued event persistence and retention boundary (10.335532ms)
✔ Rust CI runs PostgreSQL acceptance against its disposable service and rejects an empty selection (2.455497ms)
✔ Rust CI promotes every auth boundary regression plus script/event persistence checks (1.501838ms)
✔ Rust CI exercises persisted authentication and duplicate registration on the disposable database (0.918674ms)
✔ release metadata records source, image references, and archive integrity (11.267401ms)
✔ release metadata rejects ambiguous or host-specific build inputs (1.756917ms)
✔ release expectations bind a candidate to its tag, commit, source state, and image mode (3.761317ms)
✔ release metadata CLI parses tag-bound verification expectations (0.715092ms)
✔ Git source inspection distinguishes clean, dirty, tagged, and unavailable trees (86.735972ms)
✔ packaged metadata verification binds JSON and image archive to checksums (5.379353ms)
✔ release argument parsing requires one explicit mode (1.730908ms)
✔ release snapshot validation reports every mismatched field and changelog requirement (1.684029ms)
✔ release preflight accepts a clean candidate and its annotated immutable tag (334.275981ms)
✔ user remote checks document bounded queue waiting without changing success or access (1.012169ms)
✔ Agent claim and sync retain signed authority and explain capacity and lost leases (0.232436ms)
✔ operation generation covers SDK transports and excludes signed Agent protocol (9.820066ms)
✔ rendered operations preserve required path, query, body, and response types (0.904868ms)
✔ operation generation rejects unsupported parameters and mismatched path templates (0.538029ms)
✔ client surface extraction keeps public methods and nested namespace paths (2.536769ms)
✔ client surface comparison rejects removals while reporting additive members (0.359354ms)
✔ client surface baseline rendering is sorted and deterministic (0.357461ms)
✔ schemaToType renders references, nullable unions, arrays, and maps (1.051462ms)
✔ renderSdkSchemaTypes emits a deterministic named schema map (0.384261ms)
✔ schemaToType rejects references outside component schemas (0.42607ms)
✔ the legacy admin API tier truthfully includes teacher deployment authority (8.039725ms)
✔ supported launchers pass explicit teacher and legacy administrator allowlists (2.330703ms)
ℹ tests 69
ℹ suites 0
ℹ pass 69
ℹ fail 0
ℹ cancelled 0
ℹ skipped 0
ℹ todo 0
ℹ duration_ms 1640.458379
Runner Agent management tool checks passed.
Distribution management tool checks passed.
Live kernel smoke tool checks passed.
Release candidate bundle verifier checks passed.
