File length limits passed.
Version metadata is synchronized at 0.4.0.
[course] committed frontend course copy matches docs.
Generated OpenAPI document is current (64 paths).
OpenAPI contract is synchronized at 0.4.0: 68 Engine operations, 63 SDK operations.
API compatibility passed against 0.3.0: 61 operations remain compatible with 0.4.0.
Generated SDK types are current (85 schemas).
Generated SDK operations are current (63 operations).
SDK public surface is compatible: 85 members, 8 additive.
✔ compatibility rejects removed operations and changed access tiers (4.167859ms)
✔ compatibility rejects request requirements and enum narrowing (0.498732ms)
✔ compatibility rejects weakened response guarantees (0.480808ms)
✔ compatibility permits additive operations and compatible object growth (9.954354ms)
✔ compatibility treats nullable input and output in opposite directions (0.796469ms)
✔ auth mutations document unconfirmed storage writes without weakening access or success schemas (8.841225ms)
✔ login and destructive event filters expose failure behavior without changing success contracts (3.927781ms)
✔ classroom endpoints preserve separate discovery, invitation and join trust boundaries (6.831919ms)
✔ launchers forward opt-in classroom config and explicitly build the frontend API address (3.838705ms)
✔ course documentation sync detects drift and replaces the generated tree (32.158686ms)
✔ Engine Docker context admits compile-time OpenAPI and migration assets (6.748113ms)
✔ Engine Docker builder copies compile-time assets before compiling (2.373727ms)
✔ frontend prebuild works with only its Docker context and committed course copy (194.924707ms)
✔ event mutations document unconfirmed writes, cancellation and private acknowledgements (7.840093ms)
✔ event reads document private unavailable results without changing session authority or success shapes (10.910782ms)
✔ event settings expose private unavailable reads and unconfirmed transactional updates (9.254336ms)
✔ functional network enumerates default Next page extensions and excludes framework files (1.918365ms)
✔ functional network accepts a complete source snapshot (0.721429ms)
✔ functional network rejects missing, extra and duplicate operation ownership (0.480569ms)
✔ functional network rejects unknown graph, module and page targets (1.983106ms)
✔ functional network detects version, source, access, page and catalog drift (0.646518ms)
✔ functional network rejects stale counts and source references missing from manifest (0.607084ms)
✔ functional network rejects mismatched API back-references and duplicate IDs (0.26718ms)
✔ learning benchmark rotates configurations without dropping or duplicating any pair (2.704154ms)
✔ cold-load pairs retain all four fixtures and alternate across five rounds (2.509259ms)
✔ every learning benchmark configuration swaps its before/after order each round (0.993557ms)
✔ learning projections distinguish failed storage reads from empty success and remain private (8.658012ms)
✔ npm audit retains production scope, moderate threshold, and finite timeouts (2.32699ms)
✔ valid clean and below-threshold audit reports pass without retrying (0.673408ms)
✔ vulnerability reports fail immediately, including misleading transient error text (0.44398ms)
✔ network failures, rate limits, and server errors retry a fresh audit (1.481979ms)
✔ npm 9 message-only socket failures are recognized (0.277288ms)
✔ retired Quick fallback retries Bulk through npm without accepting the failed report (0.281026ms)
✔ persistent transient failures stop after three attempts and stay failed (0.367146ms)
✔ authentication, certificate, lockfile, and unknown errors never retry (0.6256ms)
✔ missing or malformed reports cannot pass even if npm exits zero (0.781721ms)
✔ process launch failures fail closed and timeouts remain bounded (0.753198ms)
✔ real npm CLI retries Bulk, including a retired Quick fallback when used (1496.016596ms)
✔ local and CI frontend/SDK audits share the same fail-closed wrapper (1.283469ms)
✔ extractEngineOperations handles chained Axum methods and multiline routes (2.064929ms)
✔ extractEngineAccess follows the Axum router trust tiers (7.457809ms)
✔ extractSdkOperations recognizes generic requests, downloads, and WebSockets (4.362283ms)
✔ OpenAPI operation extraction and comparison report exact drift (0.436846ms)
✔ Rust CI explicitly runs every queued event persistence and retention boundary (14.287192ms)
✔ Rust CI runs PostgreSQL acceptance against its disposable service and rejects an empty selection (6.087427ms)
✔ Rust CI promotes every auth boundary regression plus script/event persistence checks (2.689567ms)
✔ Rust CI exercises persisted authentication and duplicate registration on the disposable database (1.574623ms)
✔ release metadata records source, image references, and archive integrity (11.41243ms)
✔ release metadata rejects ambiguous or host-specific build inputs (1.780087ms)
✔ release expectations bind a candidate to its tag, commit, source state, and image mode (6.793527ms)
✔ release metadata CLI parses tag-bound verification expectations (0.703545ms)
✔ Git source inspection distinguishes clean, dirty, tagged, and unavailable trees (58.282501ms)
✔ packaged metadata verification binds JSON and image archive to checksums (5.21706ms)
✔ release argument parsing requires one explicit mode (2.188ms)
✔ release snapshot validation reports every mismatched field and changelog requirement (2.528486ms)
✔ release preflight accepts a clean candidate and its annotated immutable tag (221.871492ms)
✔ user remote checks document bounded queue waiting without changing success or access (1.171229ms)
✔ Agent claim and sync retain signed authority and explain capacity and lost leases (0.288419ms)
✔ operation generation covers SDK transports and excludes signed Agent protocol (10.768697ms)
✔ rendered operations preserve required path, query, body, and response types (0.812368ms)
✔ operation generation rejects unsupported parameters and mismatched path templates (0.469437ms)
✔ client surface extraction keeps public methods and nested namespace paths (2.863192ms)
✔ client surface comparison rejects removals while reporting additive members (0.408534ms)
✔ client surface baseline rendering is sorted and deterministic (0.355454ms)
✔ schemaToType renders references, nullable unions, arrays, and maps (1.137496ms)
✔ renderSdkSchemaTypes emits a deterministic named schema map (0.43915ms)
✔ schemaToType rejects references outside component schemas (0.56224ms)
✔ the legacy admin API tier truthfully includes teacher deployment authority (7.280668ms)
✔ supported launchers pass explicit teacher and legacy administrator allowlists (2.693725ms)
ℹ tests 69
ℹ suites 0
ℹ pass 69
ℹ fail 0
ℹ cancelled 0
ℹ skipped 0
ℹ todo 0
ℹ duration_ms 1647.809429
Runner Agent management tool checks passed.
Distribution management tool checks passed.
Live kernel smoke tool checks passed.
Release candidate bundle verifier checks passed.
