File length limits passed.
Version metadata is synchronized at 0.4.0.
[course] committed frontend course copy matches docs.
Generated OpenAPI document is current (64 paths).
OpenAPI contract is synchronized at 0.4.0: 68 Engine operations, 63 SDK operations.
API compatibility passed against 0.3.0: 61 operations remain compatible with 0.4.0.
Generated SDK types are current (85 schemas).
Generated SDK operations are current (63 operations).
SDK public surface is compatible: 85 members, 8 additive.
✔ compatibility rejects removed operations and changed access tiers (3.626913ms)
✔ compatibility rejects request requirements and enum narrowing (0.541075ms)
✔ compatibility rejects weakened response guarantees (0.550413ms)
✔ compatibility permits additive operations and compatible object growth (8.30185ms)
✔ compatibility treats nullable input and output in opposite directions (0.700123ms)
✔ auth mutations document unconfirmed storage writes without weakening access or success schemas (10.489783ms)
✔ login and destructive event filters expose failure behavior without changing success contracts (3.702554ms)
✔ classroom endpoints preserve separate discovery, invitation and join trust boundaries (11.632437ms)
✔ launchers forward opt-in classroom config and explicitly build the frontend API address (6.84617ms)
✔ course documentation sync detects drift and replaces the generated tree (36.899664ms)
✔ Engine Docker context admits compile-time OpenAPI and migration assets (8.346513ms)
✔ Engine Docker builder copies compile-time assets before compiling (1.399836ms)
✔ frontend prebuild works with only its Docker context and committed course copy (177.002043ms)
✔ event mutations document unconfirmed writes, cancellation and private acknowledgements (9.177172ms)
✔ event reads document private unavailable results without changing session authority or success shapes (9.167764ms)
✔ functional network enumerates default Next page extensions and excludes framework files (1.579983ms)
✔ functional network accepts a complete source snapshot (0.625453ms)
✔ functional network rejects missing, extra and duplicate operation ownership (0.350598ms)
✔ functional network rejects unknown graph, module and page targets (0.224121ms)
✔ functional network detects version, source, access, page and catalog drift (1.320316ms)
✔ functional network rejects stale counts and source references missing from manifest (0.269495ms)
✔ functional network rejects mismatched API back-references and duplicate IDs (0.211918ms)
✔ learning benchmark rotates configurations without dropping or duplicating any pair (2.733948ms)
✔ cold-load pairs retain all four fixtures and alternate across five rounds (2.253677ms)
✔ every learning benchmark configuration swaps its before/after order each round (0.960291ms)
✔ learning projections distinguish failed storage reads from empty success and remain private (8.85141ms)
✔ npm audit retains production scope, moderate threshold, and finite timeouts (2.156966ms)
✔ valid clean and below-threshold audit reports pass without retrying (0.697288ms)
✔ vulnerability reports fail immediately, including misleading transient error text (0.418986ms)
✔ network failures, rate limits, and server errors retry a fresh audit (1.483171ms)
✔ npm 9 message-only socket failures are recognized (0.263555ms)
✔ retired Quick fallback retries Bulk through npm without accepting the failed report (0.285485ms)
✔ persistent transient failures stop after three attempts and stay failed (3.591105ms)
✔ authentication, certificate, lockfile, and unknown errors never retry (0.775174ms)
✔ missing or malformed reports cannot pass even if npm exits zero (0.580108ms)
✔ process launch failures fail closed and timeouts remain bounded (0.622077ms)
✔ real npm CLI retries Bulk, including a retired Quick fallback when used (1485.43132ms)
✔ local and CI frontend/SDK audits share the same fail-closed wrapper (1.938696ms)
✔ extractEngineOperations handles chained Axum methods and multiline routes (2.013156ms)
✔ extractEngineAccess follows the Axum router trust tiers (8.571395ms)
✔ extractSdkOperations recognizes generic requests, downloads, and WebSockets (1.428209ms)
✔ OpenAPI operation extraction and comparison report exact drift (0.38396ms)
✔ Rust CI explicitly runs every queued event persistence and retention boundary (7.619249ms)
✔ Rust CI runs PostgreSQL acceptance against its disposable service and rejects an empty selection (2.961664ms)
✔ Rust CI promotes every auth boundary regression plus script/event persistence checks (2.454072ms)
✔ Rust CI exercises persisted authentication and duplicate registration on the disposable database (1.004564ms)
✔ release metadata records source, image references, and archive integrity (10.325164ms)
✔ release metadata rejects ambiguous or host-specific build inputs (1.288196ms)
✔ release expectations bind a candidate to its tag, commit, source state, and image mode (2.466796ms)
✔ release metadata CLI parses tag-bound verification expectations (0.802304ms)
✔ Git source inspection distinguishes clean, dirty, tagged, and unavailable trees (56.221352ms)
✔ packaged metadata verification binds JSON and image archive to checksums (4.667584ms)
✔ release argument parsing requires one explicit mode (2.398528ms)
✔ release snapshot validation reports every mismatched field and changelog requirement (2.814148ms)
✔ release preflight accepts a clean candidate and its annotated immutable tag (216.342546ms)
✔ user remote checks document bounded queue waiting without changing success or access (1.156228ms)
✔ Agent claim and sync retain signed authority and explain capacity and lost leases (0.254788ms)
✔ operation generation covers SDK transports and excludes signed Agent protocol (10.095173ms)
✔ rendered operations preserve required path, query, body, and response types (1.0558ms)
✔ operation generation rejects unsupported parameters and mismatched path templates (0.606747ms)
✔ client surface extraction keeps public methods and nested namespace paths (2.718829ms)
✔ client surface comparison rejects removals while reporting additive members (0.409117ms)
✔ client surface baseline rendering is sorted and deterministic (0.365034ms)
✔ schemaToType renders references, nullable unions, arrays, and maps (1.197406ms)
✔ renderSdkSchemaTypes emits a deterministic named schema map (0.424997ms)
✔ schemaToType rejects references outside component schemas (0.503014ms)
✔ the legacy admin API tier truthfully includes teacher deployment authority (6.209807ms)
✔ supported launchers pass explicit teacher and legacy administrator allowlists (2.700385ms)
ℹ tests 68
ℹ suites 0
ℹ pass 68
ℹ fail 0
ℹ cancelled 0
ℹ skipped 0
ℹ todo 0
ℹ duration_ms 1647.695373
Runner Agent management tool checks passed.
Distribution management tool checks passed.
Live kernel smoke tool checks passed.
Release candidate bundle verifier checks passed.
